2026-08-04 12:26:26.202 | INFO     | app.services.tasks:heartbeat:9 - QuantFlow scheduler heartbeat
2026-08-04 12:33:15.746 | INFO     | app.main:lifespan:37 - QuantFlow stopped
2026-08-04 12:33:27.043 | INFO     | app.strategies.registry:register:53 - Registered strategy plugin: 'ema' (EMACrossoverStrategy)
2026-08-04 12:33:27.045 | INFO     | app.strategies.registry:register:53 - Registered strategy plugin: 'mean_reversion' (MeanReversionStrategy)
2026-08-04 12:33:27.047 | INFO     | app.strategies.registry:register:53 - Registered strategy plugin: 'orb' (ORBStrategy)
2026-08-04 12:33:27.048 | INFO     | app.strategies.registry:register:53 - Registered strategy plugin: 'rsi' (RSIPullbackStrategy)
2026-08-04 12:33:27.049 | INFO     | app.strategies.registry:register:53 - Registered strategy plugin: 'supertrend' (SupertrendStrategy)
2026-08-04 12:33:27.050 | INFO     | app.strategies.registry:register:53 - Registered strategy plugin: 'vwapreversal' (VWAPReversalStrategy)
2026-08-04 12:33:27.051 | INFO     | app.strategies.registry:register:53 - Registered strategy plugin: 'vwap' (VWAPStrategy)
2026-08-04 12:33:27.051 | INFO     | app.paper.live_engine:recover_session:296 - Recovered live paper session state: STOPPED
2026-08-04 12:33:27.051 | INFO     | app.main:lifespan:30 - Live paper session recovered successfully
2026-08-04 12:33:27.052 | INFO     | app.main:lifespan:32 - QuantFlow 0.1.0 started
2026-08-04 12:38:27.044 | INFO     | app.services.tasks:heartbeat:9 - QuantFlow scheduler heartbeat
2026-08-04 12:40:41.447 | INFO     | app.main:lifespan:37 - QuantFlow stopped
2026-08-04 12:40:43.507 | INFO     | app.strategies.registry:register:53 - Registered strategy plugin: 'ema' (EMACrossoverStrategy)
2026-08-04 12:40:43.508 | INFO     | app.strategies.registry:register:53 - Registered strategy plugin: 'mean_reversion' (MeanReversionStrategy)
2026-08-04 12:40:43.509 | INFO     | app.strategies.registry:register:53 - Registered strategy plugin: 'orb' (ORBStrategy)
2026-08-04 12:40:43.511 | INFO     | app.strategies.registry:register:53 - Registered strategy plugin: 'rsi' (RSIPullbackStrategy)
2026-08-04 12:40:43.513 | INFO     | app.strategies.registry:register:53 - Registered strategy plugin: 'supertrend' (SupertrendStrategy)
2026-08-04 12:40:43.515 | INFO     | app.strategies.registry:register:53 - Registered strategy plugin: 'vwapreversal' (VWAPReversalStrategy)
2026-08-04 12:40:43.516 | INFO     | app.strategies.registry:register:53 - Registered strategy plugin: 'vwap' (VWAPStrategy)
2026-08-04 12:40:43.516 | INFO     | app.paper.live_engine:recover_session:327 - Recovered live paper session state: RUNNING
2026-08-04 12:40:43.517 | INFO     | app.main:lifespan:30 - Live paper session recovered successfully
2026-08-04 12:40:43.518 | INFO     | app.main:lifespan:32 - QuantFlow 0.1.0 started
2026-08-04 12:41:13.035 | INFO     | app.strategies.registry:register:53 - Registered strategy plugin: 'ema' (EMACrossoverStrategy)
2026-08-04 12:41:13.035 | INFO     | app.strategies.registry:register:53 - Registered strategy plugin: 'mean_reversion' (MeanReversionStrategy)
2026-08-04 12:41:13.036 | INFO     | app.strategies.registry:register:53 - Registered strategy plugin: 'orb' (ORBStrategy)
2026-08-04 12:41:13.036 | INFO     | app.strategies.registry:register:53 - Registered strategy plugin: 'rsi' (RSIPullbackStrategy)
2026-08-04 12:41:13.036 | INFO     | app.strategies.registry:register:53 - Registered strategy plugin: 'supertrend' (SupertrendStrategy)
2026-08-04 12:41:13.037 | INFO     | app.strategies.registry:register:53 - Registered strategy plugin: 'vwapreversal' (VWAPReversalStrategy)
2026-08-04 12:41:13.037 | INFO     | app.strategies.registry:register:53 - Registered strategy plugin: 'vwap' (VWAPStrategy)
2026-08-04 12:41:13.037 | INFO     | app.paper.live_engine:recover_session:327 - Recovered live paper session state: RUNNING
2026-08-04 12:41:13.037 | INFO     | app.main:lifespan:30 - Live paper session recovered successfully
2026-08-04 12:41:13.037 | INFO     | app.main:lifespan:32 - QuantFlow 0.1.0 started
2026-08-04 12:41:13.056 | INFO     | app.api.routers.auth:login:19 - Handling GET /auth/login request
2026-08-04 12:41:13.059 | INFO     | app.paper.live_engine:stop:145 - LivePaperEngine session stopped
2026-08-04 12:41:13.061 | INFO     | app.analytics.reporting:generate:197 - HTML performance report written to D:\excersis_file\Agentic_AI\QuantFlow\backend\data\eod_report.html
2026-08-04 12:41:13.062 | INFO     | app.analytics.reporting:generate:47 - JSON performance report written to D:\excersis_file\Agentic_AI\QuantFlow\backend\data\eod_report.json
2026-08-04 12:41:13.063 | INFO     | app.services.alert_engine:send_alert:59 - [ALERT - INFO] Live Paper Session Stopped: Session ended. Total Equity: $100,000.00
2026-08-04 12:41:13.063 | INFO     | app.main:lifespan:37 - QuantFlow stopped
2026-08-04 12:41:13.079 | INFO     | app.paper.live_engine:recover_session:327 - Recovered live paper session state: STOPPED
2026-08-04 12:41:13.080 | INFO     | app.main:lifespan:30 - Live paper session recovered successfully
2026-08-04 12:41:13.080 | INFO     | app.main:lifespan:32 - QuantFlow 0.1.0 started
2026-08-04 12:41:13.082 | INFO     | app.api.routers.auth:callback:31 - Handling GET /auth/callback request
2026-08-04 12:41:13.084 | WARNING  | app.api.routers.auth:callback:38 - Callback missing request_token parameter
2026-08-04 12:41:13.085 | INFO     | app.main:lifespan:37 - QuantFlow stopped
2026-08-04 12:41:13.092 | INFO     | app.paper.live_engine:recover_session:327 - Recovered live paper session state: STOPPED
2026-08-04 12:41:13.092 | INFO     | app.main:lifespan:30 - Live paper session recovered successfully
2026-08-04 12:41:13.092 | INFO     | app.main:lifespan:32 - QuantFlow 0.1.0 started
2026-08-04 12:41:13.096 | INFO     | app.api.routers.auth:callback:31 - Handling GET /auth/callback request
2026-08-04 12:41:13.096 | WARNING  | app.api.routers.auth:callback:34 - Callback received non-success status: error
2026-08-04 12:41:13.098 | INFO     | app.main:lifespan:37 - QuantFlow stopped
2026-08-04 12:41:13.104 | INFO     | app.paper.live_engine:recover_session:327 - Recovered live paper session state: STOPPED
2026-08-04 12:41:13.104 | INFO     | app.main:lifespan:30 - Live paper session recovered successfully
2026-08-04 12:41:13.105 | INFO     | app.main:lifespan:32 - QuantFlow 0.1.0 started
2026-08-04 12:41:13.108 | INFO     | app.api.routers.auth:callback:31 - Handling GET /auth/callback request
2026-08-04 12:41:13.110 | INFO     | app.main:lifespan:37 - QuantFlow stopped
2026-08-04 12:41:13.117 | INFO     | app.paper.live_engine:recover_session:327 - Recovered live paper session state: STOPPED
2026-08-04 12:41:13.118 | INFO     | app.main:lifespan:30 - Live paper session recovered successfully
2026-08-04 12:41:13.118 | INFO     | app.main:lifespan:32 - QuantFlow 0.1.0 started
2026-08-04 12:41:13.121 | INFO     | app.api.routers.auth:callback:31 - Handling GET /auth/callback request
2026-08-04 12:41:13.122 | ERROR    | app.api.routers.auth:callback:50 - Kite login callback failed during token exchange
Traceback (most recent call last):

  File "D:\excersis_file\Agentic_AI\QuantFlow\tools\python312\Lib\threading.py", line 1032, in _bootstrap
    self._bootstrap_inner()
    │    └ <function Thread._bootstrap_inner at 0x0000020FF7B12E80>
    └ <Thread(asyncio-portal-20f9dc6c230, started daemon 32104)>
  File "D:\excersis_file\Agentic_AI\QuantFlow\tools\python312\Lib\threading.py", line 1075, in _bootstrap_inner
    self.run()
    │    └ <function Thread.run at 0x0000020FF7B12B60>
    └ <Thread(asyncio-portal-20f9dc6c230, started daemon 32104)>
  File "D:\excersis_file\Agentic_AI\QuantFlow\tools\python312\Lib\threading.py", line 1012, in run
    self._target(*self._args, **self._kwargs)
    │    │        │    │        │    └ {}
    │    │        │    │        └ <Thread(asyncio-portal-20f9dc6c230, started daemon 32104)>
    │    │        │    └ ()
    │    │        └ <Thread(asyncio-portal-20f9dc6c230, started daemon 32104)>
    │    └ <function start_blocking_portal.<locals>.run_blocking_portal at 0x0000020F9DC26AC0>
    └ <Thread(asyncio-portal-20f9dc6c230, started daemon 32104)>
  File "D:\excersis_file\Agentic_AI\QuantFlow\.venv\Lib\site-packages\anyio\from_thread.py", line 536, in run_blocking_portal
    run_eventloop(
    └ <function run at 0x0000020FF8687060>
  File "D:\excersis_file\Agentic_AI\QuantFlow\.venv\Lib\site-packages\anyio\_core\_eventloop.py", line 83, in run
    return async_backend.run(func, args, {}, backend_options)
           │             │   │     │         └ {}
           │             │   │     └ ()
           │             │   └ <function start_blocking_portal.<locals>.run_portal at 0x0000020F9DC24AE0>
           │             └ <classmethod(<function AsyncIOBackend.run at 0x0000020FFA21DDA0>)>
           └ <class 'anyio._backends._asyncio.AsyncIOBackend'>
  File "D:\excersis_file\Agentic_AI\QuantFlow\.venv\Lib\site-packages\anyio\_backends\_asyncio.py", line 2481, in run
    return runner.run(wrapper())
           │      │   └ <function start_blocking_portal.<locals>.run_portal at 0x0000020F9DC24CC0>
           │      └ <function Runner.run at 0x0000020FFA198E00>
           └ <asyncio.runners.Runner object at 0x0000020F9DC6C1D0>
  File "D:\excersis_file\Agentic_AI\QuantFlow\tools\python312\Lib\asyncio\runners.py", line 118, in run
    return self._loop.run_until_complete(task)
           │    │     │                  └ <Task pending name='anyio.from_thread.start_blocking_portal.<locals>.run_portal' coro=<start_blocking_portal.<locals>.run_por...
           │    │     └ <function BaseEventLoop.run_until_complete at 0x0000020FFA18E980>
           │    └ <ProactorEventLoop running=True closed=False debug=False>
           └ <asyncio.runners.Runner object at 0x0000020F9DC6C1D0>
  File "D:\excersis_file\Agentic_AI\QuantFlow\tools\python312\Lib\asyncio\base_events.py", line 678, in run_until_complete
    self.run_forever()
    │    └ <function ProactorEventLoop.run_forever at 0x0000020FFA203E20>
    └ <ProactorEventLoop running=True closed=False debug=False>
  File "D:\excersis_file\Agentic_AI\QuantFlow\tools\python312\Lib\asyncio\windows_events.py", line 322, in run_forever
    super().run_forever()
  File "D:\excersis_file\Agentic_AI\QuantFlow\tools\python312\Lib\asyncio\base_events.py", line 645, in run_forever
    self._run_once()
    │    └ <function BaseEventLoop._run_once at 0x0000020FFA198720>
    └ <ProactorEventLoop running=True closed=False debug=False>
  File "D:\excersis_file\Agentic_AI\QuantFlow\tools\python312\Lib\asyncio\base_events.py", line 1999, in _run_once
    handle._run()
    │      └ <function Handle._run at 0x0000020FFA12C900>
    └ <Handle Task.task_wakeup(<Future finis...66094772416'>>)>
  File "D:\excersis_file\Agentic_AI\QuantFlow\tools\python312\Lib\asyncio\events.py", line 88, in _run
    self._context.run(self._callback, *self._args)
    │    │            │    │           │    └ <member '_args' of 'Handle' objects>
    │    │            │    │           └ <Handle Task.task_wakeup(<Future finis...66094772416'>>)>
    │    │            │    └ <member '_callback' of 'Handle' objects>
    │    │            └ <Handle Task.task_wakeup(<Future finis...66094772416'>>)>
    │    └ <member '_context' of 'Handle' objects>
    └ <Handle Task.task_wakeup(<Future finis...66094772416'>>)>
  File "D:\excersis_file\Agentic_AI\QuantFlow\.venv\Lib\site-packages\anyio\_core\_tasks.py", line 275, in _run_coro
    retval = await self._coro
                   │    └ <member '_coro' of 'TaskHandle' objects>
                   └ <TaskHandle pending name='anyio.from_thread.BlockingPortal._call_func' coro=<coroutine object BlockingPortal._call_func at 0x...
  File "D:\excersis_file\Agentic_AI\QuantFlow\.venv\Lib\site-packages\anyio\from_thread.py", line 263, in _call_func
    retval = await retval_or_awaitable
                   └ <coroutine object FastAPI.__call__ at 0x0000020F9DBA6D40>
  File "D:\excersis_file\Agentic_AI\QuantFlow\.venv\Lib\site-packages\fastapi\applications.py", line 1163, in __call__
    await super().__call__(scope, receive, send)
                           │      │        └ <function _TestClientTransport.handle_request.<locals>.send at 0x0000020F9DC27420>
                           │      └ <function _TestClientTransport.handle_request.<locals>.receive at 0x0000020F9DBE3CE0>
                           └ {'type': 'http', 'http_version': '1.1', 'method': 'GET', 'path': '/auth/callback', 'raw_path': b'/auth/callback', 'root_path'...
  File "D:\excersis_file\Agentic_AI\QuantFlow\.venv\Lib\site-packages\starlette\applications.py", line 90, in __call__
    await self.middleware_stack(scope, receive, send)
          │    │                │      │        └ <function _TestClientTransport.handle_request.<locals>.send at 0x0000020F9DC27420>
          │    │                │      └ <function _TestClientTransport.handle_request.<locals>.receive at 0x0000020F9DBE3CE0>
          │    │                └ {'type': 'http', 'http_version': '1.1', 'method': 'GET', 'path': '/auth/callback', 'raw_path': b'/auth/callback', 'root_path'...
          │    └ <starlette.middleware.errors.ServerErrorMiddleware object at 0x0000020F9DBFDF40>
          └ <fastapi.applications.FastAPI object at 0x0000020F9BF27AA0>
  File "D:\excersis_file\Agentic_AI\QuantFlow\.venv\Lib\site-packages\starlette\middleware\errors.py", line 164, in __call__
    await self.app(scope, receive, _send)
          │    │   │      │        └ <function ServerErrorMiddleware.__call__.<locals>._send at 0x0000020F9DC26200>
          │    │   │      └ <function _TestClientTransport.handle_request.<locals>.receive at 0x0000020F9DBE3CE0>
          │    │   └ {'type': 'http', 'http_version': '1.1', 'method': 'GET', 'path': '/auth/callback', 'raw_path': b'/auth/callback', 'root_path'...
          │    └ <starlette.middleware.exceptions.ExceptionMiddleware object at 0x0000020F9DBFDF10>
          └ <starlette.middleware.errors.ServerErrorMiddleware object at 0x0000020F9DBFDF40>
  File "D:\excersis_file\Agentic_AI\QuantFlow\.venv\Lib\site-packages\starlette\middleware\exceptions.py", line 63, in __call__
    await wrap_app_handling_exceptions(self.app, conn)(scope, receive, send)
          │                            │    │    │     │      │        └ <function ServerErrorMiddleware.__call__.<locals>._send at 0x0000020F9DC26200>
          │                            │    │    │     │      └ <function _TestClientTransport.handle_request.<locals>.receive at 0x0000020F9DBE3CE0>
          │                            │    │    │     └ {'type': 'http', 'http_version': '1.1', 'method': 'GET', 'path': '/auth/callback', 'raw_path': b'/auth/callback', 'root_path'...
          │                            │    │    └ <starlette.requests.Request object at 0x0000020F9DC6EF90>
          │                            │    └ <fastapi.middleware.asyncexitstack.AsyncExitStackMiddleware object at 0x0000020F9DBFDEE0>
          │                            └ <starlette.middleware.exceptions.ExceptionMiddleware object at 0x0000020F9DBFDF10>
          └ <function wrap_app_handling_exceptions at 0x0000020F9B8FEA20>
  File "D:\excersis_file\Agentic_AI\QuantFlow\.venv\Lib\site-packages\starlette\_exception_handler.py", line 42, in wrapped_app
    await app(scope, receive, sender)
          │   │      │        └ <function wrap_app_handling_exceptions.<locals>.wrapped_app.<locals>.sender at 0x0000020F9DC25F80>
          │   │      └ <function _TestClientTransport.handle_request.<locals>.receive at 0x0000020F9DBE3CE0>
          │   └ {'type': 'http', 'http_version': '1.1', 'method': 'GET', 'path': '/auth/callback', 'raw_path': b'/auth/callback', 'root_path'...
          └ <fastapi.middleware.asyncexitstack.AsyncExitStackMiddleware object at 0x0000020F9DBFDEE0>
  File "D:\excersis_file\Agentic_AI\QuantFlow\.venv\Lib\site-packages\fastapi\middleware\asyncexitstack.py", line 18, in __call__
    await self.app(scope, receive, send)
          │    │   │      │        └ <function wrap_app_handling_exceptions.<locals>.wrapped_app.<locals>.sender at 0x0000020F9DC25F80>
          │    │   │      └ <function _TestClientTransport.handle_request.<locals>.receive at 0x0000020F9DBE3CE0>
          │    │   └ {'type': 'http', 'http_version': '1.1', 'method': 'GET', 'path': '/auth/callback', 'raw_path': b'/auth/callback', 'root_path'...
          │    └ <fastapi.routing.APIRouter object at 0x0000020F9D603EF0>
          └ <fastapi.middleware.asyncexitstack.AsyncExitStackMiddleware object at 0x0000020F9DBFDEE0>
  File "D:\excersis_file\Agentic_AI\QuantFlow\.venv\Lib\site-packages\starlette\routing.py", line 660, in __call__
    await self.middleware_stack(scope, receive, send)
          │    │                │      │        └ <function wrap_app_handling_exceptions.<locals>.wrapped_app.<locals>.sender at 0x0000020F9DC25F80>
          │    │                │      └ <function _TestClientTransport.handle_request.<locals>.receive at 0x0000020F9DBE3CE0>
          │    │                └ {'type': 'http', 'http_version': '1.1', 'method': 'GET', 'path': '/auth/callback', 'raw_path': b'/auth/callback', 'root_path'...
          │    └ <bound method APIRouter.app of <fastapi.routing.APIRouter object at 0x0000020F9D603EF0>>
          └ <fastapi.routing.APIRouter object at 0x0000020F9D603EF0>
  File "D:\excersis_file\Agentic_AI\QuantFlow\.venv\Lib\site-packages\fastapi\routing.py", line 2734, in app
    await route.handle(scope, receive, send)
          │     │      │      │        └ <function wrap_app_handling_exceptions.<locals>.wrapped_app.<locals>.sender at 0x0000020F9DC25F80>
          │     │      │      └ <function _TestClientTransport.handle_request.<locals>.receive at 0x0000020F9DBE3CE0>
          │     │      └ {'type': 'http', 'http_version': '1.1', 'method': 'GET', 'path': '/auth/callback', 'raw_path': b'/auth/callback', 'root_path'...
          │     └ <function _IncludedRouter.handle at 0x0000020F9B941260>
          └ _IncludedRouter(original_router=<fastapi.routing.APIRouter object at 0x0000020F9D792480>, include_context=_RouterIncludeConte...
  File "D:\excersis_file\Agentic_AI\QuantFlow\.venv\Lib\site-packages\fastapi\routing.py", line 1780, in handle
    await self.original_router.handle(scope, receive, send)
          │    │               │      │      │        └ <function wrap_app_handling_exceptions.<locals>.wrapped_app.<locals>.sender at 0x0000020F9DC25F80>
          │    │               │      │      └ <function _TestClientTransport.handle_request.<locals>.receive at 0x0000020F9DBE3CE0>
          │    │               │      └ {'type': 'http', 'http_version': '1.1', 'method': 'GET', 'path': '/auth/callback', 'raw_path': b'/auth/callback', 'root_path'...
          │    │               └ <function APIRouter.handle at 0x0000020F9B9432E0>
          │    └ <fastapi.routing.APIRouter object at 0x0000020F9D792480>
          └ _IncludedRouter(original_router=<fastapi.routing.APIRouter object at 0x0000020F9D792480>, include_context=_RouterIncludeConte...
  File "D:\excersis_file\Agentic_AI\QuantFlow\.venv\Lib\site-packages\fastapi\routing.py", line 2789, in handle
    await included_router._handle_selected(scope, receive, send)
          │               │                │      │        └ <function wrap_app_handling_exceptions.<locals>.wrapped_app.<locals>.sender at 0x0000020F9DC25F80>
          │               │                │      └ <function _TestClientTransport.handle_request.<locals>.receive at 0x0000020F9DBE3CE0>
          │               │                └ {'type': 'http', 'http_version': '1.1', 'method': 'GET', 'path': '/auth/callback', 'raw_path': b'/auth/callback', 'root_path'...
          │               └ <function _IncludedRouter._handle_selected at 0x0000020F9B941300>
          └ _IncludedRouter(original_router=<fastapi.routing.APIRouter object at 0x0000020F9D792480>, include_context=_RouterIncludeConte...
  File "D:\excersis_file\Agentic_AI\QuantFlow\.venv\Lib\site-packages\fastapi\routing.py", line 1800, in _handle_selected
    await original_route.handle(scope, receive, send)
          │              │      │      │        └ <function wrap_app_handling_exceptions.<locals>.wrapped_app.<locals>.sender at 0x0000020F9DC25F80>
          │              │      │      └ <function _TestClientTransport.handle_request.<locals>.receive at 0x0000020F9DBE3CE0>
          │              │      └ {'type': 'http', 'http_version': '1.1', 'method': 'GET', 'path': '/auth/callback', 'raw_path': b'/auth/callback', 'root_path'...
          │              └ <function APIRoute.handle at 0x0000020F9B92B380>
          └ APIRoute(path='/auth/callback', name='callback', methods=['GET'])
  File "D:\excersis_file\Agentic_AI\QuantFlow\.venv\Lib\site-packages\fastapi\routing.py", line 1279, in handle
    await app(scope, receive, send)
          │   │      │        └ <function wrap_app_handling_exceptions.<locals>.wrapped_app.<locals>.sender at 0x0000020F9DC25F80>
          │   │      └ <function _TestClientTransport.handle_request.<locals>.receive at 0x0000020F9DBE3CE0>
          │   └ {'type': 'http', 'http_version': '1.1', 'method': 'GET', 'path': '/auth/callback', 'raw_path': b'/auth/callback', 'root_path'...
          └ <function request_response.<locals>.app at 0x0000020F9DC251C0>
  File "D:\excersis_file\Agentic_AI\QuantFlow\.venv\Lib\site-packages\fastapi\routing.py", line 158, in app
    await wrap_app_handling_exceptions(app, request)(scope, receive, send)
          │                            │    │        │      │        └ <function wrap_app_handling_exceptions.<locals>.wrapped_app.<locals>.sender at 0x0000020F9DC25F80>
          │                            │    │        │      └ <function _TestClientTransport.handle_request.<locals>.receive at 0x0000020F9DBE3CE0>
          │                            │    │        └ {'type': 'http', 'http_version': '1.1', 'method': 'GET', 'path': '/auth/callback', 'raw_path': b'/auth/callback', 'root_path'...
          │                            │    └ <starlette.requests.Request object at 0x0000020F9DC6F530>
          │                            └ <function request_response.<locals>.app.<locals>.app at 0x0000020F9DC240E0>
          └ <function wrap_app_handling_exceptions at 0x0000020F9B8FEA20>
  File "D:\excersis_file\Agentic_AI\QuantFlow\.venv\Lib\site-packages\starlette\_exception_handler.py", line 42, in wrapped_app
    await app(scope, receive, sender)
          │   │      │        └ <function wrap_app_handling_exceptions.<locals>.wrapped_app.<locals>.sender at 0x0000020F9DC27600>
          │   │      └ <function _TestClientTransport.handle_request.<locals>.receive at 0x0000020F9DBE3CE0>
          │   └ {'type': 'http', 'http_version': '1.1', 'method': 'GET', 'path': '/auth/callback', 'raw_path': b'/auth/callback', 'root_path'...
          └ <function request_response.<locals>.app.<locals>.app at 0x0000020F9DC240E0>
  File "D:\excersis_file\Agentic_AI\QuantFlow\.venv\Lib\site-packages\fastapi\routing.py", line 144, in app
    response = await f(request)
                     │ └ <starlette.requests.Request object at 0x0000020F9DC6F530>
                     └ <function get_request_handler.<locals>.app at 0x0000020F9DC247C0>
  File "D:\excersis_file\Agentic_AI\QuantFlow\.venv\Lib\site-packages\fastapi\routing.py", line 706, in app
    raw_response = await run_endpoint_function(
                         └ <function run_endpoint_function at 0x0000020F9B92A700>
  File "D:\excersis_file\Agentic_AI\QuantFlow\.venv\Lib\site-packages\fastapi\routing.py", line 352, in run_endpoint_function
    return await dependant.call(**values)
                 │         │      └ {'auth_service': <MagicMock spec='ZerodhaAuthService' id='2266094772416'>, 'request_token': 'invalid_req_token', 'status': None}
                 │         └ <member 'call' of 'Dependant' objects>
                 └ Dependant(path_params=[], query_params=[ModelField(field_info=Query(None), name='request_token', mode='validation', config=No...

> File "D:\excersis_file\Agentic_AI\QuantFlow\backend\app\api\routers\auth.py", line 42, in callback
    session_data = await auth_service.exchange_token(request_token)
                         │            │              └ 'invalid_req_token'
                         │            └ <AsyncMock name='mock.exchange_token' id='2266094124064'>
                         └ <MagicMock spec='ZerodhaAuthService' id='2266094772416'>

  File "D:\excersis_file\Agentic_AI\QuantFlow\tools\python312\Lib\unittest\mock.py", line 2291, in _execute_mock_call
    raise effect
          └ RuntimeError('Token exchange failed')

RuntimeError: Token exchange failed
2026-08-04 12:41:13.405 | INFO     | app.main:lifespan:37 - QuantFlow stopped
2026-08-04 12:41:13.413 | INFO     | app.paper.live_engine:recover_session:327 - Recovered live paper session state: STOPPED
2026-08-04 12:41:13.414 | INFO     | app.main:lifespan:30 - Live paper session recovered successfully
2026-08-04 12:41:13.414 | INFO     | app.main:lifespan:32 - QuantFlow 0.1.0 started
2026-08-04 12:41:13.418 | INFO     | app.api.routers.auth:profile:61 - Handling GET /auth/profile request
2026-08-04 12:41:13.419 | WARNING  | app.api.routers.auth:profile:66 - Profile request unauthenticated: No active Zerodha session found. Please log in.
2026-08-04 12:41:13.420 | INFO     | app.main:lifespan:37 - QuantFlow stopped
2026-08-04 12:41:13.429 | INFO     | app.paper.live_engine:recover_session:327 - Recovered live paper session state: STOPPED
2026-08-04 12:41:13.430 | INFO     | app.main:lifespan:30 - Live paper session recovered successfully
2026-08-04 12:41:13.430 | INFO     | app.main:lifespan:32 - QuantFlow 0.1.0 started
2026-08-04 12:41:13.433 | INFO     | app.api.routers.auth:profile:61 - Handling GET /auth/profile request
2026-08-04 12:41:13.436 | INFO     | app.main:lifespan:37 - QuantFlow stopped
2026-08-04 12:41:13.445 | INFO     | app.paper.live_engine:recover_session:327 - Recovered live paper session state: STOPPED
2026-08-04 12:41:13.445 | INFO     | app.main:lifespan:30 - Live paper session recovered successfully
2026-08-04 12:41:13.445 | INFO     | app.main:lifespan:32 - QuantFlow 0.1.0 started
2026-08-04 12:41:13.449 | INFO     | app.api.routers.auth:logout:80 - Handling POST /auth/logout request
2026-08-04 12:41:13.451 | INFO     | app.main:lifespan:37 - QuantFlow stopped
2026-08-04 12:41:13.465 | INFO     | app.brokers.paper_broker:login:53 - PaperBroker session initiated for user TEST_TRADER
2026-08-04 12:41:13.472 | INFO     | app.paper.execution.execution_engine:submit_order:65 - Submitted order 82a9a0f3-8462-4511-9433-77d19f1434db for 10 x RELIANCE
2026-08-04 12:41:13.473 | INFO     | app.paper.portfolio.portfolio:record_fill:110 - Portfolio recorded fill for 10 x RELIANCE @ 2501.25. Realized PnL: 0
2026-08-04 12:41:13.473 | INFO     | app.paper.journal.trade_journal:log_trade:56 - Trade logged in journal: BUY 10 x RELIANCE @ 2501.25
2026-08-04 12:41:13.476 | INFO     | app.paper.execution.execution_engine:submit_order:65 - Submitted order 97cb16d6-9e10-427b-8c79-a4f391f0df04 for 5 x TCS
2026-08-04 12:41:13.477 | INFO     | app.paper.portfolio.portfolio:record_fill:110 - Portfolio recorded fill for 5 x TCS @ 3501.75. Realized PnL: 0
2026-08-04 12:41:13.477 | INFO     | app.paper.journal.trade_journal:log_trade:56 - Trade logged in journal: BUY 5 x TCS @ 3501.75
2026-08-04 12:41:13.489 | INFO     | app.paper.execution.execution_engine:submit_order:65 - Submitted order 63ee4576-f533-40bf-b9cf-ec9ef92e6547 for 10 x MSFT
2026-08-04 12:41:13.491 | INFO     | app.paper.execution.execution_engine:submit_order:65 - Submitted order 62df18c5-27de-4e68-bca8-afc8c366f821 for 10 x MSFT
2026-08-04 12:41:13.575 | INFO     | app.paper.live_engine:start:85 - Loaded active strategy for live paper trading: ema
2026-08-04 12:41:13.576 | INFO     | app.services.alert_engine:send_alert:59 - [ALERT - INFO] Live Paper Session Started: Started paper session for symbols ['AAPL'] with 1 strategies
2026-08-04 12:41:13.576 | WARNING  | app.paper.live_engine:process_tick:243 - Tick evaluation error for AAPL: 'coroutine' object has no attribute 'empty'
2026-08-04 12:41:13.576 | WARNING  | app.services.alert_engine:send_alert:57 - [ALERT - WARNING] Live Paper Session Paused: Trading scheduler loop paused
2026-08-04 12:41:13.577 | INFO     | app.services.alert_engine:send_alert:59 - [ALERT - INFO] Live Paper Session Resumed: Trading scheduler loop resumed
2026-08-04 12:41:13.577 | INFO     | app.paper.live_engine:stop:145 - LivePaperEngine session stopped
2026-08-04 12:41:13.579 | INFO     | app.analytics.reporting:generate:197 - HTML performance report written to C:\Users\creat\AppData\Local\Temp\pytest-of-creat\pytest-29\test_live_paper_engine_lifecyc0\eod_report.html
2026-08-04 12:41:13.581 | INFO     | app.analytics.reporting:generate:47 - JSON performance report written to C:\Users\creat\AppData\Local\Temp\pytest-of-creat\pytest-29\test_live_paper_engine_lifecyc0\eod_report.json
2026-08-04 12:41:13.581 | INFO     | app.services.alert_engine:send_alert:59 - [ALERT - INFO] Live Paper Session Stopped: Session ended. Total Equity: $50,000.00
2026-08-04 12:41:13.608 | INFO     | app.paper.live_engine:start:85 - Loaded active strategy for live paper trading: rsi
2026-08-04 12:41:13.608 | INFO     | app.services.alert_engine:send_alert:59 - [ALERT - INFO] Live Paper Session Started: Started paper session for symbols ['MSFT'] with 1 strategies
2026-08-04 12:41:13.610 | INFO     | app.paper.live_engine:stop:145 - LivePaperEngine session stopped
2026-08-04 12:41:13.611 | INFO     | app.analytics.reporting:generate:197 - HTML performance report written to C:\Users\creat\AppData\Local\Temp\pytest-of-creat\pytest-29\test_live_paper_session_save_a0\eod_report.html
2026-08-04 12:41:13.613 | INFO     | app.analytics.reporting:generate:47 - JSON performance report written to C:\Users\creat\AppData\Local\Temp\pytest-of-creat\pytest-29\test_live_paper_session_save_a0\eod_report.json
2026-08-04 12:41:13.613 | INFO     | app.services.alert_engine:send_alert:59 - [ALERT - INFO] Live Paper Session Stopped: Session ended. Total Equity: $100,000.00
2026-08-04 12:41:13.630 | INFO     | app.paper.live_engine:recover_session:327 - Recovered live paper session state: STOPPED
2026-08-04 12:41:13.641 | WARNING  | app.services.alert_engine:send_alert:57 - [ALERT - WARNING] Position Warning: Position size limit reached for SBIN
2026-08-04 12:41:13.643 | ERROR    | app.services.alert_engine:send_alert:55 - [ALERT - CRITICAL] Emergency Stop: Account drawdown threshold breached
2026-08-04 12:41:13.655 | INFO     | app.paper.live_engine:start:85 - Loaded active strategy for live paper trading: ema
2026-08-04 12:41:13.656 | INFO     | app.services.alert_engine:send_alert:59 - [ALERT - INFO] Live Paper Session Started: Started paper session for symbols [] with 1 strategies
2026-08-04 12:41:13.656 | INFO     | app.paper.live_engine:stop:145 - LivePaperEngine session stopped
2026-08-04 12:41:13.658 | INFO     | app.analytics.reporting:generate:197 - HTML performance report written to D:\excersis_file\Agentic_AI\QuantFlow\backend\data\eod_report.html
2026-08-04 12:41:13.660 | INFO     | app.analytics.reporting:generate:47 - JSON performance report written to D:\excersis_file\Agentic_AI\QuantFlow\backend\data\eod_report.json
2026-08-04 12:41:13.660 | INFO     | app.services.alert_engine:send_alert:59 - [ALERT - INFO] Live Paper Session Stopped: Session ended. Total Equity: $100,000.00
2026-08-04 12:41:13.664 | INFO     | app.paper.execution.execution_engine:submit_order:65 - Submitted order ed54d396-818a-4118-aabb-8fa9ccc6007c for 25 x INFY
2026-08-04 12:41:13.664 | INFO     | app.paper.portfolio.portfolio:record_fill:110 - Portfolio recorded fill for 25 x INFY @ 1500.75. Realized PnL: 0
2026-08-04 12:41:13.664 | INFO     | app.paper.journal.trade_journal:log_trade:56 - Trade logged in journal: BUY 25 x INFY @ 1500.75
2026-08-04 12:41:13.664 | INFO     | app.services.alert_engine:send_alert:59 - [ALERT - INFO] DEMO ORDER INJECTED: BUY INFY: Injected demo BUY order for 25 INFY @ $1,500.00. Status: FILLED
2026-08-04 12:41:13.667 | INFO     | app.paper.execution.execution_engine:submit_order:65 - Submitted order 97a33c53-a4a7-430d-88cd-a9a1e54f0fd6 for 10 x TCS
2026-08-04 12:41:13.668 | INFO     | app.paper.portfolio.portfolio:record_fill:110 - Portfolio recorded fill for 10 x TCS @ 3198.4. Realized PnL: 0
2026-08-04 12:41:13.668 | INFO     | app.paper.journal.trade_journal:log_trade:56 - Trade logged in journal: SELL 10 x TCS @ 3198.4
2026-08-04 12:41:13.668 | INFO     | app.services.alert_engine:send_alert:59 - [ALERT - INFO] DEMO ORDER INJECTED: SELL TCS: Injected demo SELL order for 10 TCS @ $3,200.00. Status: FILLED
2026-08-04 12:41:13.697 | INFO     | app.paper.live_engine:start:85 - Loaded active strategy for live paper trading: rsi
2026-08-04 12:41:13.697 | INFO     | app.services.alert_engine:send_alert:59 - [ALERT - INFO] Live Paper Session Started: Started paper session for symbols ['MSFT'] with 1 strategies
2026-08-04 12:41:13.697 | WARNING  | app.paper.live_engine:process_tick:243 - Tick evaluation error for MSFT: YahooFinanceProvider.get_candles() got an unexpected keyword argument 'period'
2026-08-04 12:41:13.703 | WARNING  | app.services.alert_engine:send_alert:57 - [ALERT - WARNING] Live Paper Session Paused: Trading scheduler loop paused
2026-08-04 12:41:13.707 | INFO     | app.services.alert_engine:send_alert:59 - [ALERT - INFO] Live Paper Session Resumed: Trading scheduler loop resumed
2026-08-04 12:41:13.713 | INFO     | app.paper.live_engine:stop:145 - LivePaperEngine session stopped
2026-08-04 12:41:13.713 | INFO     | app.services.alert_engine:send_alert:59 - [ALERT - INFO] Live Paper Session Stopped: Session ended. Total Equity: $75,000.00
2026-08-04 12:41:13.719 | INFO     | app.marketdata.yfinance_provider:get_candles:26 - Fetching Yahoo Finance candles for symbol 'AAPL' from 2024-01-01 to 2024-01-05 (interval: 1d)
2026-08-04 12:41:13.726 | INFO     | app.marketdata.validator:validate_ohlcv:119 - Market data validation passed successfully (5 candles)
2026-08-04 12:41:13.726 | INFO     | app.marketdata.yfinance_provider:get_candles:50 - Successfully fetched and validated 5 candles for 'AAPL'
2026-08-04 12:41:13.731 | INFO     | app.marketdata.yfinance_provider:get_candles:26 - Fetching Yahoo Finance candles for symbol 'AAPL' from 2024-01-01 to 2024-01-05 (interval: 1d)
2026-08-04 12:41:13.732 | WARNING  | app.marketdata.yfinance_provider:get_candles:59 - Attempt 1/3 failed fetching Yahoo Finance data for 'AAPL': Network error
2026-08-04 12:41:13.761 | INFO     | app.marketdata.validator:validate_ohlcv:119 - Market data validation passed successfully (5 candles)
2026-08-04 12:41:13.761 | INFO     | app.marketdata.yfinance_provider:get_candles:50 - Successfully fetched and validated 5 candles for 'AAPL'
2026-08-04 12:41:13.766 | INFO     | app.marketdata.yfinance_provider:get_candles:26 - Fetching Yahoo Finance candles for symbol 'INVALID' from 2024-01-01 to 2024-01-05 (interval: 1d)
2026-08-04 12:41:13.767 | WARNING  | app.marketdata.yfinance_provider:get_candles:59 - Attempt 1/2 failed fetching Yahoo Finance data for 'INVALID': API down
2026-08-04 12:41:13.789 | WARNING  | app.marketdata.yfinance_provider:get_candles:59 - Attempt 2/2 failed fetching Yahoo Finance data for 'INVALID': API down
2026-08-04 12:41:13.789 | ERROR    | app.marketdata.yfinance_provider:get_candles:69 - Failed all 2 attempts to fetch Yahoo Finance data for 'INVALID'
2026-08-04 12:41:13.801 | INFO     | app.marketdata.csv_provider:get_candles:30 - Reading CSV market data for 'AAPL' from C:\Users\creat\AppData\Local\Temp\pytest-of-creat\pytest-29\test_csv_provider_success0\aapl.csv
2026-08-04 12:41:13.815 | INFO     | app.marketdata.validator:validate_ohlcv:119 - Market data validation passed successfully (5 candles)
2026-08-04 12:41:13.816 | INFO     | app.marketdata.csv_provider:get_candles:43 - Retrieved 3 candles for 'AAPL' from CSV
2026-08-04 12:41:13.835 | ERROR    | app.marketdata.csv_provider:get_candles:27 - CSV file not found for symbol 'NONEXISTENT' at C:\Users\creat\AppData\Local\Temp\pytest-of-creat\pytest-29\test_csv_provider_missing_file0\NONEXISTENT.csv
2026-08-04 12:41:13.843 | INFO     | app.marketdata.csv_provider:get_candles:30 - Reading CSV market data for 'AAPL' from C:\Users\creat\AppData\Local\Temp\pytest-of-creat\pytest-29\test_csv_provider_empty_date_r0\aapl.csv
2026-08-04 12:41:13.848 | INFO     | app.marketdata.validator:validate_ohlcv:119 - Market data validation passed successfully (5 candles)
2026-08-04 12:41:13.849 | WARNING  | app.marketdata.csv_provider:get_candles:40 - CSV data for 'AAPL' is empty after date range filtering
2026-08-04 12:41:14.221 | INFO     | app.marketdata.parquet_provider:get_candles:24 - Reading Parquet market data for 'AAPL' from C:\Users\creat\AppData\Local\Temp\pytest-of-creat\pytest-29\test_parquet_provider_success0
2026-08-04 12:41:14.697 | INFO     | app.marketdata.validator:validate_ohlcv:119 - Market data validation passed successfully (5 candles)
2026-08-04 12:41:14.700 | INFO     | app.marketdata.parquet_provider:get_candles:30 - Retrieved 3 candles for 'AAPL' from Parquet
2026-08-04 12:41:14.719 | INFO     | app.marketdata.parquet_provider:get_candles:24 - Reading Parquet market data for 'NONEXISTENT' from C:\Users\creat\AppData\Local\Temp\pytest-of-creat\pytest-29\test_parquet_provider_missing_0
2026-08-04 12:41:14.720 | WARNING  | app.marketdata.storage:load:52 - No Parquet data found for symbol NONEXISTENT
2026-08-04 12:41:14.720 | WARNING  | app.marketdata.parquet_provider:get_candles:27 - No Parquet candles found for 'NONEXISTENT' in date range
2026-08-04 12:41:14.739 | INFO     | app.paper.live_engine:recover_session:327 - Recovered live paper session state: STOPPED
2026-08-04 12:41:14.741 | INFO     | app.main:lifespan:30 - Live paper session recovered successfully
2026-08-04 12:41:14.741 | INFO     | app.main:lifespan:32 - QuantFlow 0.1.0 started
2026-08-04 12:41:14.759 | INFO     | app.api.routers.market:get_market_history:27 - GET /market/history request for symbol='AAPL', provider='yfinance', range=2024-01-01 to 2024-01-03
2026-08-04 12:41:14.764 | INFO     | app.main:lifespan:37 - QuantFlow stopped
2026-08-04 12:41:14.772 | INFO     | app.paper.live_engine:recover_session:327 - Recovered live paper session state: STOPPED
2026-08-04 12:41:14.773 | INFO     | app.main:lifespan:30 - Live paper session recovered successfully
2026-08-04 12:41:14.773 | INFO     | app.main:lifespan:32 - QuantFlow 0.1.0 started
2026-08-04 12:41:14.775 | INFO     | app.api.routers.market:get_market_history:27 - GET /market/history request for symbol='AAPL', provider='yfinance', range=2024-01-10 to 2024-01-01
2026-08-04 12:41:14.778 | INFO     | app.main:lifespan:37 - QuantFlow stopped
2026-08-04 12:41:14.786 | INFO     | app.paper.live_engine:recover_session:327 - Recovered live paper session state: STOPPED
2026-08-04 12:41:14.787 | INFO     | app.main:lifespan:30 - Live paper session recovered successfully
2026-08-04 12:41:14.787 | INFO     | app.main:lifespan:32 - QuantFlow 0.1.0 started
2026-08-04 12:41:14.789 | INFO     | app.api.routers.market:get_market_history:27 - GET /market/history request for symbol='AAPL', provider='invalid_provider', range=2024-01-01 to 2024-01-03
2026-08-04 12:41:14.792 | INFO     | app.main:lifespan:37 - QuantFlow stopped
2026-08-04 12:41:14.800 | INFO     | app.paper.live_engine:recover_session:327 - Recovered live paper session state: STOPPED
2026-08-04 12:41:14.801 | INFO     | app.main:lifespan:30 - Live paper session recovered successfully
2026-08-04 12:41:14.801 | INFO     | app.main:lifespan:32 - QuantFlow 0.1.0 started
2026-08-04 12:41:14.804 | INFO     | app.api.routers.market:get_market_history:27 - GET /market/history request for symbol='NONEXISTENT', provider='csv', range=2024-01-01 to 2024-01-03
2026-08-04 12:41:14.805 | WARNING  | app.api.routers.market:get_market_history:50 - Market data file not found: CSV file not found
2026-08-04 12:41:14.806 | INFO     | app.main:lifespan:37 - QuantFlow stopped
2026-08-04 12:41:14.815 | INFO     | app.paper.live_engine:recover_session:327 - Recovered live paper session state: STOPPED
2026-08-04 12:41:14.816 | INFO     | app.main:lifespan:30 - Live paper session recovered successfully
2026-08-04 12:41:14.816 | INFO     | app.main:lifespan:32 - QuantFlow 0.1.0 started
2026-08-04 12:41:14.818 | INFO     | app.api.routers.market:get_market_history:27 - GET /market/history request for symbol='BADSYMBOL', provider='yfinance', range=2024-01-01 to 2024-01-03
2026-08-04 12:41:14.819 | ERROR    | app.api.routers.market:get_market_history:55 - Market data validation error for 'BADSYMBOL': Negative price values detected
2026-08-04 12:41:14.821 | INFO     | app.main:lifespan:37 - QuantFlow stopped
2026-08-04 12:41:14.830 | INFO     | app.paper.live_engine:recover_session:327 - Recovered live paper session state: STOPPED
2026-08-04 12:41:14.831 | INFO     | app.main:lifespan:30 - Live paper session recovered successfully
2026-08-04 12:41:14.831 | INFO     | app.main:lifespan:32 - QuantFlow 0.1.0 started
2026-08-04 12:41:14.833 | INFO     | app.api.routers.market:get_market_history:27 - GET /market/history request for symbol='TIMEOUT', provider='yfinance', range=2024-01-01 to 2024-01-03
2026-08-04 12:41:14.834 | ERROR    | app.api.routers.market:get_market_history:58 - Failed to fetch market data for 'TIMEOUT'
Traceback (most recent call last):

  File "D:\excersis_file\Agentic_AI\QuantFlow\tools\python312\Lib\threading.py", line 1032, in _bootstrap
    self._bootstrap_inner()
    │    └ <function Thread._bootstrap_inner at 0x0000020FF7B12E80>
    └ <Thread(asyncio-portal-20fde0dcf20, started daemon 10624)>
  File "D:\excersis_file\Agentic_AI\QuantFlow\tools\python312\Lib\threading.py", line 1075, in _bootstrap_inner
    self.run()
    │    └ <function Thread.run at 0x0000020FF7B12B60>
    └ <Thread(asyncio-portal-20fde0dcf20, started daemon 10624)>
  File "D:\excersis_file\Agentic_AI\QuantFlow\tools\python312\Lib\threading.py", line 1012, in run
    self._target(*self._args, **self._kwargs)
    │    │        │    │        │    └ {}
    │    │        │    │        └ <Thread(asyncio-portal-20fde0dcf20, started daemon 10624)>
    │    │        │    └ ()
    │    │        └ <Thread(asyncio-portal-20fde0dcf20, started daemon 10624)>
    │    └ <function start_blocking_portal.<locals>.run_blocking_portal at 0x0000020F9DF8BEC0>
    └ <Thread(asyncio-portal-20fde0dcf20, started daemon 10624)>
  File "D:\excersis_file\Agentic_AI\QuantFlow\.venv\Lib\site-packages\anyio\from_thread.py", line 536, in run_blocking_portal
    run_eventloop(
    └ <function run at 0x0000020FF8687060>
  File "D:\excersis_file\Agentic_AI\QuantFlow\.venv\Lib\site-packages\anyio\_core\_eventloop.py", line 83, in run
    return async_backend.run(func, args, {}, backend_options)
           │             │   │     │         └ {}
           │             │   │     └ ()
           │             │   └ <function start_blocking_portal.<locals>.run_portal at 0x0000020F9DF89DA0>
           │             └ <classmethod(<function AsyncIOBackend.run at 0x0000020FFA21DDA0>)>
           └ <class 'anyio._backends._asyncio.AsyncIOBackend'>
  File "D:\excersis_file\Agentic_AI\QuantFlow\.venv\Lib\site-packages\anyio\_backends\_asyncio.py", line 2481, in run
    return runner.run(wrapper())
           │      │   └ <function start_blocking_portal.<locals>.run_portal at 0x0000020F9DF8B100>
           │      └ <function Runner.run at 0x0000020FFA198E00>
           └ <asyncio.runners.Runner object at 0x0000020FDE0DD040>
  File "D:\excersis_file\Agentic_AI\QuantFlow\tools\python312\Lib\asyncio\runners.py", line 118, in run
    return self._loop.run_until_complete(task)
           │    │     │                  └ <Task pending name='anyio.from_thread.start_blocking_portal.<locals>.run_portal' coro=<start_blocking_portal.<locals>.run_por...
           │    │     └ <function BaseEventLoop.run_until_complete at 0x0000020FFA18E980>
           │    └ <ProactorEventLoop running=True closed=False debug=False>
           └ <asyncio.runners.Runner object at 0x0000020FDE0DD040>
  File "D:\excersis_file\Agentic_AI\QuantFlow\tools\python312\Lib\asyncio\base_events.py", line 678, in run_until_complete
    self.run_forever()
    │    └ <function ProactorEventLoop.run_forever at 0x0000020FFA203E20>
    └ <ProactorEventLoop running=True closed=False debug=False>
  File "D:\excersis_file\Agentic_AI\QuantFlow\tools\python312\Lib\asyncio\windows_events.py", line 322, in run_forever
    super().run_forever()
  File "D:\excersis_file\Agentic_AI\QuantFlow\tools\python312\Lib\asyncio\base_events.py", line 645, in run_forever
    self._run_once()
    │    └ <function BaseEventLoop._run_once at 0x0000020FFA198720>
    └ <ProactorEventLoop running=True closed=False debug=False>
  File "D:\excersis_file\Agentic_AI\QuantFlow\tools\python312\Lib\asyncio\base_events.py", line 1999, in _run_once
    handle._run()
    │      └ <function Handle._run at 0x0000020FFA12C900>
    └ <Handle <_asyncio.TaskStepMethWrapper object at 0x0000020FDE0DD600>()>
  File "D:\excersis_file\Agentic_AI\QuantFlow\tools\python312\Lib\asyncio\events.py", line 88, in _run
    self._context.run(self._callback, *self._args)
    │    │            │    │           │    └ <member '_args' of 'Handle' objects>
    │    │            │    │           └ <Handle <_asyncio.TaskStepMethWrapper object at 0x0000020FDE0DD600>()>
    │    │            │    └ <member '_callback' of 'Handle' objects>
    │    │            └ <Handle <_asyncio.TaskStepMethWrapper object at 0x0000020FDE0DD600>()>
    │    └ <member '_context' of 'Handle' objects>
    └ <Handle <_asyncio.TaskStepMethWrapper object at 0x0000020FDE0DD600>()>
  File "D:\excersis_file\Agentic_AI\QuantFlow\.venv\Lib\site-packages\anyio\_core\_tasks.py", line 275, in _run_coro
    retval = await self._coro
                   │    └ <member '_coro' of 'TaskHandle' objects>
                   └ <TaskHandle pending name='anyio.from_thread.BlockingPortal._call_func' coro=<coroutine object BlockingPortal._call_func at 0x...
  File "D:\excersis_file\Agentic_AI\QuantFlow\.venv\Lib\site-packages\anyio\from_thread.py", line 263, in _call_func
    retval = await retval_or_awaitable
                   └ <coroutine object FastAPI.__call__ at 0x0000020F9DFAA2F0>
  File "D:\excersis_file\Agentic_AI\QuantFlow\.venv\Lib\site-packages\fastapi\applications.py", line 1163, in __call__
    await super().__call__(scope, receive, send)
                           │      │        └ <function _TestClientTransport.handle_request.<locals>.send at 0x0000020F9DF894E0>
                           │      └ <function _TestClientTransport.handle_request.<locals>.receive at 0x0000020F9DF8A8E0>
                           └ {'type': 'http', 'http_version': '1.1', 'method': 'GET', 'path': '/market/history', 'raw_path': b'/market/history', 'root_pat...
  File "D:\excersis_file\Agentic_AI\QuantFlow\.venv\Lib\site-packages\starlette\applications.py", line 90, in __call__
    await self.middleware_stack(scope, receive, send)
          │    │                │      │        └ <function _TestClientTransport.handle_request.<locals>.send at 0x0000020F9DF894E0>
          │    │                │      └ <function _TestClientTransport.handle_request.<locals>.receive at 0x0000020F9DF8A8E0>
          │    │                └ {'type': 'http', 'http_version': '1.1', 'method': 'GET', 'path': '/market/history', 'raw_path': b'/market/history', 'root_pat...
          │    └ <starlette.middleware.errors.ServerErrorMiddleware object at 0x0000020F9DBFDF40>
          └ <fastapi.applications.FastAPI object at 0x0000020F9BF27AA0>
  File "D:\excersis_file\Agentic_AI\QuantFlow\.venv\Lib\site-packages\starlette\middleware\errors.py", line 164, in __call__
    await self.app(scope, receive, _send)
          │    │   │      │        └ <function ServerErrorMiddleware.__call__.<locals>._send at 0x0000020FDE0D8E00>
          │    │   │      └ <function _TestClientTransport.handle_request.<locals>.receive at 0x0000020F9DF8A8E0>
          │    │   └ {'type': 'http', 'http_version': '1.1', 'method': 'GET', 'path': '/market/history', 'raw_path': b'/market/history', 'root_pat...
          │    └ <starlette.middleware.exceptions.ExceptionMiddleware object at 0x0000020F9DBFDF10>
          └ <starlette.middleware.errors.ServerErrorMiddleware object at 0x0000020F9DBFDF40>
  File "D:\excersis_file\Agentic_AI\QuantFlow\.venv\Lib\site-packages\starlette\middleware\exceptions.py", line 63, in __call__
    await wrap_app_handling_exceptions(self.app, conn)(scope, receive, send)
          │                            │    │    │     │      │        └ <function ServerErrorMiddleware.__call__.<locals>._send at 0x0000020FDE0D8E00>
          │                            │    │    │     │      └ <function _TestClientTransport.handle_request.<locals>.receive at 0x0000020F9DF8A8E0>
          │                            │    │    │     └ {'type': 'http', 'http_version': '1.1', 'method': 'GET', 'path': '/market/history', 'raw_path': b'/market/history', 'root_pat...
          │                            │    │    └ <starlette.requests.Request object at 0x0000020FDE0DCEF0>
          │                            │    └ <fastapi.middleware.asyncexitstack.AsyncExitStackMiddleware object at 0x0000020F9DBFDEE0>
          │                            └ <starlette.middleware.exceptions.ExceptionMiddleware object at 0x0000020F9DBFDF10>
          └ <function wrap_app_handling_exceptions at 0x0000020F9B8FEA20>
  File "D:\excersis_file\Agentic_AI\QuantFlow\.venv\Lib\site-packages\starlette\_exception_handler.py", line 42, in wrapped_app
    await app(scope, receive, sender)
          │   │      │        └ <function wrap_app_handling_exceptions.<locals>.wrapped_app.<locals>.sender at 0x0000020FDE0D8EA0>
          │   │      └ <function _TestClientTransport.handle_request.<locals>.receive at 0x0000020F9DF8A8E0>
          │   └ {'type': 'http', 'http_version': '1.1', 'method': 'GET', 'path': '/market/history', 'raw_path': b'/market/history', 'root_pat...
          └ <fastapi.middleware.asyncexitstack.AsyncExitStackMiddleware object at 0x0000020F9DBFDEE0>
  File "D:\excersis_file\Agentic_AI\QuantFlow\.venv\Lib\site-packages\fastapi\middleware\asyncexitstack.py", line 18, in __call__
    await self.app(scope, receive, send)
          │    │   │      │        └ <function wrap_app_handling_exceptions.<locals>.wrapped_app.<locals>.sender at 0x0000020FDE0D8EA0>
          │    │   │      └ <function _TestClientTransport.handle_request.<locals>.receive at 0x0000020F9DF8A8E0>
          │    │   └ {'type': 'http', 'http_version': '1.1', 'method': 'GET', 'path': '/market/history', 'raw_path': b'/market/history', 'root_pat...
          │    └ <fastapi.routing.APIRouter object at 0x0000020F9D603EF0>
          └ <fastapi.middleware.asyncexitstack.AsyncExitStackMiddleware object at 0x0000020F9DBFDEE0>
  File "D:\excersis_file\Agentic_AI\QuantFlow\.venv\Lib\site-packages\starlette\routing.py", line 660, in __call__
    await self.middleware_stack(scope, receive, send)
          │    │                │      │        └ <function wrap_app_handling_exceptions.<locals>.wrapped_app.<locals>.sender at 0x0000020FDE0D8EA0>
          │    │                │      └ <function _TestClientTransport.handle_request.<locals>.receive at 0x0000020F9DF8A8E0>
          │    │                └ {'type': 'http', 'http_version': '1.1', 'method': 'GET', 'path': '/market/history', 'raw_path': b'/market/history', 'root_pat...
          │    └ <bound method APIRouter.app of <fastapi.routing.APIRouter object at 0x0000020F9D603EF0>>
          └ <fastapi.routing.APIRouter object at 0x0000020F9D603EF0>
  File "D:\excersis_file\Agentic_AI\QuantFlow\.venv\Lib\site-packages\fastapi\routing.py", line 2734, in app
    await route.handle(scope, receive, send)
          │     │      │      │        └ <function wrap_app_handling_exceptions.<locals>.wrapped_app.<locals>.sender at 0x0000020FDE0D8EA0>
          │     │      │      └ <function _TestClientTransport.handle_request.<locals>.receive at 0x0000020F9DF8A8E0>
          │     │      └ {'type': 'http', 'http_version': '1.1', 'method': 'GET', 'path': '/market/history', 'raw_path': b'/market/history', 'root_pat...
          │     └ <function _IncludedRouter.handle at 0x0000020F9B941260>
          └ _IncludedRouter(original_router=<fastapi.routing.APIRouter object at 0x0000020F9D792900>, include_context=_RouterIncludeConte...
  File "D:\excersis_file\Agentic_AI\QuantFlow\.venv\Lib\site-packages\fastapi\routing.py", line 1780, in handle
    await self.original_router.handle(scope, receive, send)
          │    │               │      │      │        └ <function wrap_app_handling_exceptions.<locals>.wrapped_app.<locals>.sender at 0x0000020FDE0D8EA0>
          │    │               │      │      └ <function _TestClientTransport.handle_request.<locals>.receive at 0x0000020F9DF8A8E0>
          │    │               │      └ {'type': 'http', 'http_version': '1.1', 'method': 'GET', 'path': '/market/history', 'raw_path': b'/market/history', 'root_pat...
          │    │               └ <function APIRouter.handle at 0x0000020F9B9432E0>
          │    └ <fastapi.routing.APIRouter object at 0x0000020F9D792900>
          └ _IncludedRouter(original_router=<fastapi.routing.APIRouter object at 0x0000020F9D792900>, include_context=_RouterIncludeConte...
  File "D:\excersis_file\Agentic_AI\QuantFlow\.venv\Lib\site-packages\fastapi\routing.py", line 2789, in handle
    await included_router._handle_selected(scope, receive, send)
          │               │                │      │        └ <function wrap_app_handling_exceptions.<locals>.wrapped_app.<locals>.sender at 0x0000020FDE0D8EA0>
          │               │                │      └ <function _TestClientTransport.handle_request.<locals>.receive at 0x0000020F9DF8A8E0>
          │               │                └ {'type': 'http', 'http_version': '1.1', 'method': 'GET', 'path': '/market/history', 'raw_path': b'/market/history', 'root_pat...
          │               └ <function _IncludedRouter._handle_selected at 0x0000020F9B941300>
          └ _IncludedRouter(original_router=<fastapi.routing.APIRouter object at 0x0000020F9D792900>, include_context=_RouterIncludeConte...
  File "D:\excersis_file\Agentic_AI\QuantFlow\.venv\Lib\site-packages\fastapi\routing.py", line 1800, in _handle_selected
    await original_route.handle(scope, receive, send)
          │              │      │      │        └ <function wrap_app_handling_exceptions.<locals>.wrapped_app.<locals>.sender at 0x0000020FDE0D8EA0>
          │              │      │      └ <function _TestClientTransport.handle_request.<locals>.receive at 0x0000020F9DF8A8E0>
          │              │      └ {'type': 'http', 'http_version': '1.1', 'method': 'GET', 'path': '/market/history', 'raw_path': b'/market/history', 'root_pat...
          │              └ <function APIRoute.handle at 0x0000020F9B92B380>
          └ APIRoute(path='/market/history', name='get_market_history', methods=['GET'])
  File "D:\excersis_file\Agentic_AI\QuantFlow\.venv\Lib\site-packages\fastapi\routing.py", line 1279, in handle
    await app(scope, receive, send)
          │   │      │        └ <function wrap_app_handling_exceptions.<locals>.wrapped_app.<locals>.sender at 0x0000020FDE0D8EA0>
          │   │      └ <function _TestClientTransport.handle_request.<locals>.receive at 0x0000020F9DF8A8E0>
          │   └ {'type': 'http', 'http_version': '1.1', 'method': 'GET', 'path': '/market/history', 'raw_path': b'/market/history', 'root_pat...
          └ <function request_response.<locals>.app at 0x0000020FDE0D9080>
  File "D:\excersis_file\Agentic_AI\QuantFlow\.venv\Lib\site-packages\fastapi\routing.py", line 158, in app
    await wrap_app_handling_exceptions(app, request)(scope, receive, send)
          │                            │    │        │      │        └ <function wrap_app_handling_exceptions.<locals>.wrapped_app.<locals>.sender at 0x0000020FDE0D8EA0>
          │                            │    │        │      └ <function _TestClientTransport.handle_request.<locals>.receive at 0x0000020F9DF8A8E0>
          │                            │    │        └ {'type': 'http', 'http_version': '1.1', 'method': 'GET', 'path': '/market/history', 'raw_path': b'/market/history', 'root_pat...
          │                            │    └ <starlette.requests.Request object at 0x0000020FDE0DEB70>
          │                            └ <function request_response.<locals>.app.<locals>.app at 0x0000020FDE0D8540>
          └ <function wrap_app_handling_exceptions at 0x0000020F9B8FEA20>
  File "D:\excersis_file\Agentic_AI\QuantFlow\.venv\Lib\site-packages\starlette\_exception_handler.py", line 42, in wrapped_app
    await app(scope, receive, sender)
          │   │      │        └ <function wrap_app_handling_exceptions.<locals>.wrapped_app.<locals>.sender at 0x0000020FDE0D91C0>
          │   │      └ <function _TestClientTransport.handle_request.<locals>.receive at 0x0000020F9DF8A8E0>
          │   └ {'type': 'http', 'http_version': '1.1', 'method': 'GET', 'path': '/market/history', 'raw_path': b'/market/history', 'root_pat...
          └ <function request_response.<locals>.app.<locals>.app at 0x0000020FDE0D8540>
  File "D:\excersis_file\Agentic_AI\QuantFlow\.venv\Lib\site-packages\fastapi\routing.py", line 144, in app
    response = await f(request)
                     │ └ <starlette.requests.Request object at 0x0000020FDE0DEB70>
                     └ <function get_request_handler.<locals>.app at 0x0000020FDE0D8F40>
  File "D:\excersis_file\Agentic_AI\QuantFlow\.venv\Lib\site-packages\fastapi\routing.py", line 706, in app
    raw_response = await run_endpoint_function(
                         └ <function run_endpoint_function at 0x0000020F9B92A700>
  File "D:\excersis_file\Agentic_AI\QuantFlow\.venv\Lib\site-packages\fastapi\routing.py", line 352, in run_endpoint_function
    return await dependant.call(**values)
                 │         │      └ {'symbol': 'TIMEOUT', 'start': datetime.date(2024, 1, 1), 'end': datetime.date(2024, 1, 3), 'provider': 'yfinance', 'interval...
                 │         └ <member 'call' of 'Dependant' objects>
                 └ Dependant(path_params=[], query_params=[ModelField(field_info=Query(PydanticUndefined), name='symbol', mode='validation', con...

> File "D:\excersis_file\Agentic_AI\QuantFlow\backend\app\api\routers\market.py", line 46, in get_market_history
    df = await data_provider.get_candles(
               │             └ <AsyncMock name='get_candles' id='2266097520368'>
               └ <app.marketdata.yfinance_provider.YahooFinanceProvider object at 0x0000020FDE0BFB00>

  File "D:\excersis_file\Agentic_AI\QuantFlow\tools\python312\Lib\unittest\mock.py", line 2291, in _execute_mock_call
    raise effect
          └ RuntimeError('Yahoo API connection timeout')

RuntimeError: Yahoo API connection timeout
2026-08-04 12:41:14.848 | INFO     | app.main:lifespan:37 - QuantFlow stopped
2026-08-04 12:41:14.857 | INFO     | app.paper.live_engine:recover_session:327 - Recovered live paper session state: STOPPED
2026-08-04 12:41:14.858 | INFO     | app.main:lifespan:30 - Live paper session recovered successfully
2026-08-04 12:41:14.859 | INFO     | app.main:lifespan:32 - QuantFlow 0.1.0 started
2026-08-04 12:41:14.862 | INFO     | app.api.routers.market:get_market_history:27 - GET /market/history request for symbol='AAPL', provider='yfinance', range=2024-01-01 to 2024-01-03
2026-08-04 12:41:14.865 | INFO     | app.main:lifespan:37 - QuantFlow stopped
2026-08-04 12:41:14.872 | INFO     | app.marketdata.validator:validate_ohlcv:119 - Market data validation passed successfully (45 candles)
2026-08-04 12:41:14.893 | INFO     | app.marketdata.storage:save:37 - Saved partitioned Parquet market data for RELIANCE to C:\Users\creat\AppData\Local\Temp\pytest-of-creat\pytest-29\test_save_and_load_partitioned0\RELIANCE
2026-08-04 12:41:14.915 | INFO     | app.marketdata.validator:validate_ohlcv:119 - Market data validation passed successfully (45 candles)
2026-08-04 12:41:14.924 | INFO     | app.marketdata.validator:validate_ohlcv:119 - Market data validation passed successfully (45 candles)
2026-08-04 12:41:14.949 | INFO     | app.marketdata.validator:validate_ohlcv:119 - Market data validation passed successfully (45 candles)
2026-08-04 12:41:14.953 | WARNING  | app.marketdata.storage:load:52 - No Parquet data found for symbol UNKNOWN
2026-08-04 12:41:14.969 | INFO     | app.marketdata.validator:validate_ohlcv:119 - Market data validation passed successfully (5 candles)
2026-08-04 12:41:14.975 | ERROR    | app.marketdata.validator:validate_ohlcv:79 - Duplicate timestamps detected in market data: [Timestamp('2024-01-01 00:00:00')]
2026-08-04 12:41:14.982 | ERROR    | app.marketdata.validator:validate_ohlcv:95 - NaN values detected in market data: {'open': 1, 'high': 0, 'low': 0, 'close': 0, 'volume': 0}
2026-08-04 12:41:14.988 | ERROR    | app.marketdata.validator:validate_ohlcv:103 - Negative prices detected in column close: 1 rows
2026-08-04 12:41:14.993 | ERROR    | app.marketdata.validator:validate_ohlcv:110 - Negative volume detected
2026-08-04 12:41:14.999 | ERROR    | app.marketdata.validator:validate_ohlcv:116 - High price is less than Low price in 1 rows
2026-08-04 12:41:15.003 | INFO     | app.research.optimization:grid_search:122 - Starting Grid Search for EMACrossoverStrategy with 4 parameter combinations
2026-08-04 12:41:15.075 | INFO     | app.research.optimization:random_search:155 - Starting Random Search for EMACrossoverStrategy with 5 sampled combinations
2026-08-04 12:41:15.158 | WARNING  | app.paper.execution.validator:validate:45 - Order rejected: Insufficient funds. Required: 15000.0, Available: 1000.0
2026-08-04 12:41:15.181 | INFO     | app.paper.live_engine:start:85 - Loaded active strategy for live paper trading: ema
2026-08-04 12:41:15.181 | INFO     | app.services.alert_engine:send_alert:59 - [ALERT - INFO] Live Paper Session Started: Started paper session for symbols ['AAPL'] with 1 strategies
2026-08-04 12:41:15.182 | WARNING  | app.paper.live_engine:process_tick:243 - Tick evaluation error for AAPL: YahooFinanceProvider.get_candles() got an unexpected keyword argument 'period'
2026-08-04 12:41:15.186 | WARNING  | app.services.alert_engine:send_alert:57 - [ALERT - WARNING] Live Paper Session Paused: Trading scheduler loop paused
2026-08-04 12:41:15.191 | INFO     | app.services.alert_engine:send_alert:59 - [ALERT - INFO] Live Paper Session Resumed: Trading scheduler loop resumed
2026-08-04 12:41:15.196 | INFO     | app.paper.live_engine:stop:145 - LivePaperEngine session stopped
2026-08-04 12:41:15.198 | INFO     | app.analytics.reporting:generate:197 - HTML performance report written to D:\excersis_file\Agentic_AI\QuantFlow\backend\data\eod_report.html
2026-08-04 12:41:15.200 | INFO     | app.analytics.reporting:generate:47 - JSON performance report written to D:\excersis_file\Agentic_AI\QuantFlow\backend\data\eod_report.json
2026-08-04 12:41:15.200 | INFO     | app.services.alert_engine:send_alert:59 - [ALERT - INFO] Live Paper Session Stopped: Session ended. Total Equity: $100,000.00
2026-08-04 12:41:15.208 | WARNING  | app.risk.manager:evaluate_order:37 - RiskManager REJECTED order for NIFTY: Order value 250000.0 exceeds max_position_value (50000.0)
2026-08-04 12:41:15.208 | INFO     | app.services.alert_engine:send_alert:59 - [ALERT - INFO] DEMO ORDER INJECTED: BUY NIFTY: Injected demo BUY order for 10 NIFTY @ $25,000.00. Status: REJECTED
2026-08-04 12:41:15.270 | INFO     | app.paper.portfolio.portfolio:record_fill:110 - Portfolio recorded fill for 10 x NVDA @ 100.0. Realized PnL: 0
2026-08-04 12:41:15.272 | INFO     | app.paper.portfolio.portfolio:record_fill:110 - Portfolio recorded fill for 5 x GOOGL @ 150.0. Realized PnL: 0
2026-08-04 12:41:15.287 | WARNING  | app.paper.execution.validator:validate:45 - Order rejected: Insufficient funds. Required: 60000.0, Available: 5000.0
2026-08-04 12:41:15.292 | INFO     | app.paper.portfolio.portfolio:record_fill:110 - Portfolio recorded fill for 100 x SBIN @ 500.0. Realized PnL: 0
2026-08-04 12:41:15.292 | INFO     | app.paper.portfolio.portfolio:record_fill:110 - Portfolio recorded fill for 100 x SBIN @ 600.0. Realized PnL: 0
2026-08-04 12:41:15.294 | INFO     | app.paper.portfolio.portfolio:record_fill:110 - Portfolio recorded fill for 100 x SBIN @ 500.0. Realized PnL: 0
2026-08-04 12:41:15.294 | INFO     | app.paper.portfolio.portfolio:record_fill:110 - Portfolio recorded fill for 50 x SBIN @ 600.0. Realized PnL: 5000.0
2026-08-04 12:41:15.299 | INFO     | app.paper.portfolio.portfolio:record_fill:110 - Portfolio recorded fill for 100 x WIPRO @ 400.0. Realized PnL: 0
2026-08-04 12:41:15.299 | INFO     | app.paper.portfolio.portfolio:record_fill:110 - Portfolio recorded fill for 100 x WIPRO @ 450.0. Realized PnL: 5000.0
2026-08-04 12:41:15.304 | INFO     | app.paper.execution.execution_engine:submit_order:65 - Submitted order e2a3fd33-7599-43ee-b03f-2fb0f49ead74 for 10 x WIPRO
2026-08-04 12:41:15.312 | INFO     | app.paper.portfolio.portfolio:record_fill:110 - Portfolio recorded fill for 10 x AAPL @ 150.0. Realized PnL: 0
2026-08-04 12:41:15.312 | INFO     | app.paper.portfolio.portfolio:record_fill:110 - Portfolio recorded fill for 10 x AAPL @ 160.0. Realized PnL: 100.0
2026-08-04 12:41:15.314 | INFO     | app.analytics.reporting:generate:197 - HTML performance report written to C:\Users\creat\AppData\Local\Temp\pytest-of-creat\pytest-29\test_html_and_json_report_gene0\report.html
2026-08-04 12:41:15.315 | INFO     | app.analytics.reporting:generate:47 - JSON performance report written to C:\Users\creat\AppData\Local\Temp\pytest-of-creat\pytest-29\test_html_and_json_report_gene0\report.json
2026-08-04 12:41:15.335 | INFO     | app.core.config_loader:load_strategy_yaml:22 - Loaded strategy config from ema.yaml
2026-08-04 12:41:15.442 | INFO     | app.research.caching:clear:109 - ResearchCache cleared
2026-08-04 12:41:15.461 | INFO     | app.paper.portfolio.portfolio:record_fill:110 - Portfolio recorded fill for 10 x TSLA @ 200.0. Realized PnL: 0
2026-08-04 12:41:15.462 | INFO     | app.paper.portfolio.portfolio:record_fill:110 - Portfolio recorded fill for 5 x TSLA @ 215.0. Realized PnL: 75.0
2026-08-04 12:41:15.468 | INFO     | app.research.comparison:compare:68 - Evaluating strategy 'ema' for comparison
2026-08-04 12:41:15.495 | INFO     | app.research.comparison:compare:68 - Evaluating strategy 'supertrend' for comparison
2026-08-04 12:41:15.928 | INFO     | app.research.comparison:compare:68 - Evaluating strategy 'rsi' for comparison
2026-08-04 12:41:16.086 | INFO     | app.strategies.engine:run:40 - Initializing strategy engine run for 'RELIANCE' (2024-01-01 to 2024-01-30)
2026-08-04 12:41:16.096 | INFO     | app.strategies.engine:_execute_signal:93 - Strategy generated signal BUY -> placing order with Broker
2026-08-04 12:41:16.096 | INFO     | app.paper.execution.execution_engine:submit_order:65 - Submitted order 9a585c2c-932e-40ea-86a3-41b118a790cb for 10 x RELIANCE
2026-08-04 12:41:16.096 | INFO     | app.paper.portfolio.portfolio:record_fill:110 - Portfolio recorded fill for 10 x RELIANCE @ 98.5493. Realized PnL: 0
2026-08-04 12:41:16.096 | INFO     | app.paper.journal.trade_journal:log_trade:56 - Trade logged in journal: BUY 10 x RELIANCE @ 98.5493
2026-08-04 12:41:16.104 | INFO     | app.strategies.engine:run:69 - Strategy engine completed run on RELIANCE: 30 total candles processed, 1 orders executed
2026-08-04 12:41:16.115 | INFO     | app.strategies.registry:register:53 - Registered strategy plugin: 'test_ema' (EMACrossoverStrategy)
2026-08-04 12:41:16.117 | INFO     | app.strategies.registry:register:53 - Registered strategy plugin: 'test_case' (EMACrossoverStrategy)
2026-08-04 12:41:16.121 | INFO     | app.strategies.registry:register:53 - Registered strategy plugin: 'temp_strat' (EMACrossoverStrategy)
2026-08-04 12:41:16.121 | INFO     | app.strategies.registry:unregister:62 - Unregistered strategy plugin: 'temp_strat'
2026-08-04 12:41:16.122 | INFO     | app.strategies.registry:register:53 - Registered strategy plugin: 'custom_meta' (EMACrossoverStrategy)
2026-08-04 12:41:16.129 | INFO     | app.paper.journal.trade_journal:log_trade:56 - Trade logged in journal: BUY 10 x NFLX @ 400.0
2026-08-04 12:41:16.131 | INFO     | app.paper.journal.trade_journal:log_trade:56 - Trade logged in journal: SELL 10 x NFLX @ 420.0
2026-08-04 12:41:16.134 | INFO     | app.research.walk_forward:run:94 - WF Window 0: Train [2024-01-01 00:00:00 - 2024-02-29 00:00:00], Test [2024-03-01 00:00:00 - 2024-03-30 00:00:00]
2026-08-04 12:41:16.134 | INFO     | app.research.optimization:grid_search:122 - Starting Grid Search for EMACrossoverStrategy with 4 parameter combinations
2026-08-04 12:41:16.233 | INFO     | app.research.walk_forward:run:94 - WF Window 1: Train [2024-01-31 00:00:00 - 2024-03-30 00:00:00], Test [2024-03-31 00:00:00 - 2024-04-29 00:00:00]
2026-08-04 12:41:16.233 | INFO     | app.research.optimization:grid_search:122 - Starting Grid Search for EMACrossoverStrategy with 4 parameter combinations
2026-08-04 12:41:16.343 | INFO     | app.research.walk_forward:run:94 - WF Window 2: Train [2024-03-01 00:00:00 - 2024-04-29 00:00:00], Test [2024-04-30 00:00:00 - 2024-05-29 00:00:00]
2026-08-04 12:41:16.343 | INFO     | app.research.optimization:grid_search:122 - Starting Grid Search for EMACrossoverStrategy with 4 parameter combinations
2026-08-04 12:41:16.439 | INFO     | app.services.zerodha_auth:get_login_url:36 - Generating Zerodha login URL
2026-08-04 12:41:16.445 | WARNING  | app.services.zerodha_auth:load_session:103 - Session file does not exist at C:\Users\creat\AppData\Local\Temp\pytest-of-creat\pytest-29\test_save_load_clear_session0\data\session.json
2026-08-04 12:41:16.446 | INFO     | app.services.zerodha_auth:save_session:98 - Saved Zerodha session securely to C:\Users\creat\AppData\Local\Temp\pytest-of-creat\pytest-29\test_save_load_clear_session0\data\session.json
2026-08-04 12:41:16.470 | INFO     | app.services.zerodha_auth:load_session:108 - Loaded active Zerodha session for user_id: AB1234
2026-08-04 12:41:16.470 | INFO     | app.services.zerodha_auth:clear_session:119 - Cleared Zerodha session file C:\Users\creat\AppData\Local\Temp\pytest-of-creat\pytest-29\test_save_load_clear_session0\data\session.json
2026-08-04 12:41:16.470 | WARNING  | app.services.zerodha_auth:load_session:103 - Session file does not exist at C:\Users\creat\AppData\Local\Temp\pytest-of-creat\pytest-29\test_save_load_clear_session0\data\session.json
2026-08-04 12:41:16.479 | INFO     | app.services.zerodha_auth:exchange_token:44 - Exchanging request_token for Zerodha access_token
2026-08-04 12:41:16.479 | INFO     | app.services.zerodha_auth:exchange_token:87 - Successfully authenticated user_id: AB1234
2026-08-04 12:41:16.481 | INFO     | app.services.zerodha_auth:save_session:98 - Saved Zerodha session securely to C:\Users\creat\AppData\Local\Temp\pytest-of-creat\pytest-29\test_exchange_token_success0\data\session.json
2026-08-04 12:41:16.509 | INFO     | app.services.zerodha_auth:exchange_token:44 - Exchanging request_token for Zerodha access_token
2026-08-04 12:41:16.509 | ERROR    | app.services.zerodha_auth:exchange_token:70 - Token exchange failed with HTTP status 400
2026-08-04 12:41:16.517 | WARNING  | app.services.zerodha_auth:load_session:103 - Session file does not exist at C:\Users\creat\AppData\Local\Temp\pytest-of-creat\pytest-29\test_get_profile_unauthenticat0\data\session.json
2026-08-04 12:41:16.518 | WARNING  | app.services.zerodha_auth:get_profile:131 - Attempted to fetch profile without active session
2026-08-04 12:41:16.529 | INFO     | app.services.zerodha_auth:save_session:98 - Saved Zerodha session securely to C:\Users\creat\AppData\Local\Temp\pytest-of-creat\pytest-29\test_get_profile_success0\data\session.json
2026-08-04 12:41:16.546 | INFO     | app.services.zerodha_auth:load_session:108 - Loaded active Zerodha session for user_id: AB1234
2026-08-04 12:41:16.546 | INFO     | app.services.zerodha_auth:get_profile:167 - Successfully fetched user profile for user_id: AB1234
