2026-08-05 12:44:30.765 | ERROR    | app.services.alert_engine:send_alert:55 - [ALERT - CRITICAL] Emergency Stop: Account drawdown threshold breached
2026-08-05 12:44:34.678 | ERROR    | app.marketdata.yfinance_provider:get_candles:100 - Failed all 2 attempts to fetch Yahoo Finance data for 'INVALID'
2026-08-05 12:44:34.713 | ERROR    | app.marketdata.csv_provider:get_candles:33 - CSV file not found for symbol 'NONEXISTENT' at C:\Users\creat\AppData\Local\Temp\pytest-of-creat\pytest-45\test_csv_provider_missing_file0\NONEXISTENT.csv
2026-08-05 12:44:35.098 | ERROR    | app.api.routers.market:get_market_history:55 - Market data validation error for 'BADSYMBOL': Negative price values detected
2026-08-05 12:44:35.114 | ERROR    | app.api.routers.market:get_market_history:58 - Failed to fetch market data for 'TIMEOUT'
Traceback (most recent call last):

  File "D:\excersis_file\Agentic_AI\QuantFlow\tools\python312\Lib\threading.py", line 1032, in _bootstrap
    self._bootstrap_inner()
    │    └ <function Thread._bootstrap_inner at 0x0000024E37432E80>
    └ <Thread(asyncio-portal-24e9daf62d0, started daemon 31200)>
  File "D:\excersis_file\Agentic_AI\QuantFlow\tools\python312\Lib\threading.py", line 1075, in _bootstrap_inner
    self.run()
    │    └ <function Thread.run at 0x0000024E37432B60>
    └ <Thread(asyncio-portal-24e9daf62d0, started daemon 31200)>
  File "D:\excersis_file\Agentic_AI\QuantFlow\tools\python312\Lib\threading.py", line 1012, in run
    self._target(*self._args, **self._kwargs)
    │    │        │    │        │    └ {}
    │    │        │    │        └ <Thread(asyncio-portal-24e9daf62d0, started daemon 31200)>
    │    │        │    └ ()
    │    │        └ <Thread(asyncio-portal-24e9daf62d0, started daemon 31200)>
    │    └ <function start_blocking_portal.<locals>.run_blocking_portal at 0x0000024E5D946340>
    └ <Thread(asyncio-portal-24e9daf62d0, started daemon 31200)>
  File "D:\excersis_file\Agentic_AI\QuantFlow\.venv\Lib\site-packages\anyio\from_thread.py", line 536, in run_blocking_portal
    run_eventloop(
    └ <function run at 0x0000024E37F1B060>
  File "D:\excersis_file\Agentic_AI\QuantFlow\.venv\Lib\site-packages\anyio\_core\_eventloop.py", line 83, in run
    return async_backend.run(func, args, {}, backend_options)
           │             │   │     │         └ {}
           │             │   │     └ ()
           │             │   └ <function start_blocking_portal.<locals>.run_portal at 0x0000024E5D9468E0>
           │             └ <classmethod(<function AsyncIOBackend.run at 0x0000024E39A61DA0>)>
           └ <class 'anyio._backends._asyncio.AsyncIOBackend'>
  File "D:\excersis_file\Agentic_AI\QuantFlow\.venv\Lib\site-packages\anyio\_backends\_asyncio.py", line 2481, in run
    return runner.run(wrapper())
           │      │   └ <function start_blocking_portal.<locals>.run_portal at 0x0000024E5D9467A0>
           │      └ <function Runner.run at 0x0000024E399D8E00>
           └ <asyncio.runners.Runner object at 0x0000024E9DAE3BC0>
  File "D:\excersis_file\Agentic_AI\QuantFlow\tools\python312\Lib\asyncio\runners.py", line 118, in run
    return self._loop.run_until_complete(task)
           │    │     │                  └ <Task pending name='anyio.from_thread.start_blocking_portal.<locals>.run_portal' coro=<start_blocking_portal.<locals>.run_por...
           │    │     └ <function BaseEventLoop.run_until_complete at 0x0000024E399CE980>
           │    └ <ProactorEventLoop running=True closed=False debug=False>
           └ <asyncio.runners.Runner object at 0x0000024E9DAE3BC0>
  File "D:\excersis_file\Agentic_AI\QuantFlow\tools\python312\Lib\asyncio\base_events.py", line 678, in run_until_complete
    self.run_forever()
    │    └ <function ProactorEventLoop.run_forever at 0x0000024E39A43E20>
    └ <ProactorEventLoop running=True closed=False debug=False>
  File "D:\excersis_file\Agentic_AI\QuantFlow\tools\python312\Lib\asyncio\windows_events.py", line 322, in run_forever
    super().run_forever()
  File "D:\excersis_file\Agentic_AI\QuantFlow\tools\python312\Lib\asyncio\base_events.py", line 645, in run_forever
    self._run_once()
    │    └ <function BaseEventLoop._run_once at 0x0000024E399D8720>
    └ <ProactorEventLoop running=True closed=False debug=False>
  File "D:\excersis_file\Agentic_AI\QuantFlow\tools\python312\Lib\asyncio\base_events.py", line 1999, in _run_once
    handle._run()
    │      └ <function Handle._run at 0x0000024E3996C900>
    └ <Handle <_asyncio.TaskStepMethWrapper object at 0x0000024E9DAF4820>()>
  File "D:\excersis_file\Agentic_AI\QuantFlow\tools\python312\Lib\asyncio\events.py", line 88, in _run
    self._context.run(self._callback, *self._args)
    │    │            │    │           │    └ <member '_args' of 'Handle' objects>
    │    │            │    │           └ <Handle <_asyncio.TaskStepMethWrapper object at 0x0000024E9DAF4820>()>
    │    │            │    └ <member '_callback' of 'Handle' objects>
    │    │            └ <Handle <_asyncio.TaskStepMethWrapper object at 0x0000024E9DAF4820>()>
    │    └ <member '_context' of 'Handle' objects>
    └ <Handle <_asyncio.TaskStepMethWrapper object at 0x0000024E9DAF4820>()>
  File "D:\excersis_file\Agentic_AI\QuantFlow\.venv\Lib\site-packages\anyio\_core\_tasks.py", line 275, in _run_coro
    retval = await self._coro
                   │    └ <member '_coro' of 'TaskHandle' objects>
                   └ <TaskHandle pending name='anyio.from_thread.BlockingPortal._call_func' coro=<coroutine object BlockingPortal._call_func at 0x...
  File "D:\excersis_file\Agentic_AI\QuantFlow\.venv\Lib\site-packages\anyio\from_thread.py", line 263, in _call_func
    retval = await retval_or_awaitable
                   └ <coroutine object FastAPI.__call__ at 0x0000024E9DAAEB60>
  File "D:\excersis_file\Agentic_AI\QuantFlow\.venv\Lib\site-packages\fastapi\applications.py", line 1163, in __call__
    await super().__call__(scope, receive, send)
                           │      │        └ <function _TestClientTransport.handle_request.<locals>.send at 0x0000024E5D946F20>
                           │      └ <function _TestClientTransport.handle_request.<locals>.receive at 0x0000024E5D947560>
                           └ {'type': 'http', 'http_version': '1.1', 'method': 'GET', 'path': '/market/history', 'raw_path': b'/market/history', 'root_pat...
  File "D:\excersis_file\Agentic_AI\QuantFlow\.venv\Lib\site-packages\starlette\applications.py", line 90, in __call__
    await self.middleware_stack(scope, receive, send)
          │    │                │      │        └ <function _TestClientTransport.handle_request.<locals>.send at 0x0000024E5D946F20>
          │    │                │      └ <function _TestClientTransport.handle_request.<locals>.receive at 0x0000024E5D947560>
          │    │                └ {'type': 'http', 'http_version': '1.1', 'method': 'GET', 'path': '/market/history', 'raw_path': b'/market/history', 'root_pat...
          │    └ <starlette.middleware.errors.ServerErrorMiddleware object at 0x0000024E5D4F3770>
          └ <fastapi.applications.FastAPI object at 0x0000024E5B6D9370>
  File "D:\excersis_file\Agentic_AI\QuantFlow\.venv\Lib\site-packages\starlette\middleware\errors.py", line 164, in __call__
    await self.app(scope, receive, _send)
          │    │   │      │        └ <function ServerErrorMiddleware.__call__.<locals>._send at 0x0000024E9DAECCC0>
          │    │   │      └ <function _TestClientTransport.handle_request.<locals>.receive at 0x0000024E5D947560>
          │    │   └ {'type': 'http', 'http_version': '1.1', 'method': 'GET', 'path': '/market/history', 'raw_path': b'/market/history', 'root_pat...
          │    └ <starlette.middleware.exceptions.ExceptionMiddleware object at 0x0000024E5D4F3740>
          └ <starlette.middleware.errors.ServerErrorMiddleware object at 0x0000024E5D4F3770>
  File "D:\excersis_file\Agentic_AI\QuantFlow\.venv\Lib\site-packages\starlette\middleware\exceptions.py", line 63, in __call__
    await wrap_app_handling_exceptions(self.app, conn)(scope, receive, send)
          │                            │    │    │     │      │        └ <function ServerErrorMiddleware.__call__.<locals>._send at 0x0000024E9DAECCC0>
          │                            │    │    │     │      └ <function _TestClientTransport.handle_request.<locals>.receive at 0x0000024E5D947560>
          │                            │    │    │     └ {'type': 'http', 'http_version': '1.1', 'method': 'GET', 'path': '/market/history', 'raw_path': b'/market/history', 'root_pat...
          │                            │    │    └ <starlette.requests.Request object at 0x0000024E9DAE1760>
          │                            │    └ <fastapi.middleware.asyncexitstack.AsyncExitStackMiddleware object at 0x0000024E5D4F3710>
          │                            └ <starlette.middleware.exceptions.ExceptionMiddleware object at 0x0000024E5D4F3740>
          └ <function wrap_app_handling_exceptions at 0x0000024E5B1007C0>
  File "D:\excersis_file\Agentic_AI\QuantFlow\.venv\Lib\site-packages\starlette\_exception_handler.py", line 42, in wrapped_app
    await app(scope, receive, sender)
          │   │      │        └ <function wrap_app_handling_exceptions.<locals>.wrapped_app.<locals>.sender at 0x0000024E9DAECD60>
          │   │      └ <function _TestClientTransport.handle_request.<locals>.receive at 0x0000024E5D947560>
          │   └ {'type': 'http', 'http_version': '1.1', 'method': 'GET', 'path': '/market/history', 'raw_path': b'/market/history', 'root_pat...
          └ <fastapi.middleware.asyncexitstack.AsyncExitStackMiddleware object at 0x0000024E5D4F3710>
  File "D:\excersis_file\Agentic_AI\QuantFlow\.venv\Lib\site-packages\fastapi\middleware\asyncexitstack.py", line 18, in __call__
    await self.app(scope, receive, send)
          │    │   │      │        └ <function wrap_app_handling_exceptions.<locals>.wrapped_app.<locals>.sender at 0x0000024E9DAECD60>
          │    │   │      └ <function _TestClientTransport.handle_request.<locals>.receive at 0x0000024E5D947560>
          │    │   └ {'type': 'http', 'http_version': '1.1', 'method': 'GET', 'path': '/market/history', 'raw_path': b'/market/history', 'root_pat...
          │    └ <fastapi.routing.APIRouter object at 0x0000024E5D258E00>
          └ <fastapi.middleware.asyncexitstack.AsyncExitStackMiddleware object at 0x0000024E5D4F3710>
  File "D:\excersis_file\Agentic_AI\QuantFlow\.venv\Lib\site-packages\starlette\routing.py", line 660, in __call__
    await self.middleware_stack(scope, receive, send)
          │    │                │      │        └ <function wrap_app_handling_exceptions.<locals>.wrapped_app.<locals>.sender at 0x0000024E9DAECD60>
          │    │                │      └ <function _TestClientTransport.handle_request.<locals>.receive at 0x0000024E5D947560>
          │    │                └ {'type': 'http', 'http_version': '1.1', 'method': 'GET', 'path': '/market/history', 'raw_path': b'/market/history', 'root_pat...
          │    └ <bound method APIRouter.app of <fastapi.routing.APIRouter object at 0x0000024E5D258E00>>
          └ <fastapi.routing.APIRouter object at 0x0000024E5D258E00>
  File "D:\excersis_file\Agentic_AI\QuantFlow\.venv\Lib\site-packages\fastapi\routing.py", line 2734, in app
    await route.handle(scope, receive, send)
          │     │      │      │        └ <function wrap_app_handling_exceptions.<locals>.wrapped_app.<locals>.sender at 0x0000024E9DAECD60>
          │     │      │      └ <function _TestClientTransport.handle_request.<locals>.receive at 0x0000024E5D947560>
          │     │      └ {'type': 'http', 'http_version': '1.1', 'method': 'GET', 'path': '/market/history', 'raw_path': b'/market/history', 'root_pat...
          │     └ <function _IncludedRouter.handle at 0x0000024E5B126FC0>
          └ _IncludedRouter(original_router=<fastapi.routing.APIRouter object at 0x0000024E5D13A0C0>, include_context=_RouterIncludeConte...
  File "D:\excersis_file\Agentic_AI\QuantFlow\.venv\Lib\site-packages\fastapi\routing.py", line 1780, in handle
    await self.original_router.handle(scope, receive, send)
          │    │               │      │      │        └ <function wrap_app_handling_exceptions.<locals>.wrapped_app.<locals>.sender at 0x0000024E9DAECD60>
          │    │               │      │      └ <function _TestClientTransport.handle_request.<locals>.receive at 0x0000024E5D947560>
          │    │               │      └ {'type': 'http', 'http_version': '1.1', 'method': 'GET', 'path': '/market/history', 'raw_path': b'/market/history', 'root_pat...
          │    │               └ <function APIRouter.handle at 0x0000024E5B149080>
          │    └ <fastapi.routing.APIRouter object at 0x0000024E5D13A0C0>
          └ _IncludedRouter(original_router=<fastapi.routing.APIRouter object at 0x0000024E5D13A0C0>, include_context=_RouterIncludeConte...
  File "D:\excersis_file\Agentic_AI\QuantFlow\.venv\Lib\site-packages\fastapi\routing.py", line 2789, in handle
    await included_router._handle_selected(scope, receive, send)
          │               │                │      │        └ <function wrap_app_handling_exceptions.<locals>.wrapped_app.<locals>.sender at 0x0000024E9DAECD60>
          │               │                │      └ <function _TestClientTransport.handle_request.<locals>.receive at 0x0000024E5D947560>
          │               │                └ {'type': 'http', 'http_version': '1.1', 'method': 'GET', 'path': '/market/history', 'raw_path': b'/market/history', 'root_pat...
          │               └ <function _IncludedRouter._handle_selected at 0x0000024E5B127060>
          └ _IncludedRouter(original_router=<fastapi.routing.APIRouter object at 0x0000024E5D13A0C0>, include_context=_RouterIncludeConte...
  File "D:\excersis_file\Agentic_AI\QuantFlow\.venv\Lib\site-packages\fastapi\routing.py", line 1800, in _handle_selected
    await original_route.handle(scope, receive, send)
          │              │      │      │        └ <function wrap_app_handling_exceptions.<locals>.wrapped_app.<locals>.sender at 0x0000024E9DAECD60>
          │              │      │      └ <function _TestClientTransport.handle_request.<locals>.receive at 0x0000024E5D947560>
          │              │      └ {'type': 'http', 'http_version': '1.1', 'method': 'GET', 'path': '/market/history', 'raw_path': b'/market/history', 'root_pat...
          │              └ <function APIRoute.handle at 0x0000024E5B125120>
          └ APIRoute(path='/market/history', name='get_market_history', methods=['GET'])
  File "D:\excersis_file\Agentic_AI\QuantFlow\.venv\Lib\site-packages\fastapi\routing.py", line 1279, in handle
    await app(scope, receive, send)
          │   │      │        └ <function wrap_app_handling_exceptions.<locals>.wrapped_app.<locals>.sender at 0x0000024E9DAECD60>
          │   │      └ <function _TestClientTransport.handle_request.<locals>.receive at 0x0000024E5D947560>
          │   └ {'type': 'http', 'http_version': '1.1', 'method': 'GET', 'path': '/market/history', 'raw_path': b'/market/history', 'root_pat...
          └ <function request_response.<locals>.app at 0x0000024E9DAECFE0>
  File "D:\excersis_file\Agentic_AI\QuantFlow\.venv\Lib\site-packages\fastapi\routing.py", line 158, in app
    await wrap_app_handling_exceptions(app, request)(scope, receive, send)
          │                            │    │        │      │        └ <function wrap_app_handling_exceptions.<locals>.wrapped_app.<locals>.sender at 0x0000024E9DAECD60>
          │                            │    │        │      └ <function _TestClientTransport.handle_request.<locals>.receive at 0x0000024E5D947560>
          │                            │    │        └ {'type': 'http', 'http_version': '1.1', 'method': 'GET', 'path': '/market/history', 'raw_path': b'/market/history', 'root_pat...
          │                            │    └ <starlette.requests.Request object at 0x0000024E9DAF52E0>
          │                            └ <function request_response.<locals>.app.<locals>.app at 0x0000024E9DAECF40>
          └ <function wrap_app_handling_exceptions at 0x0000024E5B1007C0>
  File "D:\excersis_file\Agentic_AI\QuantFlow\.venv\Lib\site-packages\starlette\_exception_handler.py", line 42, in wrapped_app
    await app(scope, receive, sender)
          │   │      │        └ <function wrap_app_handling_exceptions.<locals>.wrapped_app.<locals>.sender at 0x0000024E9DAEC540>
          │   │      └ <function _TestClientTransport.handle_request.<locals>.receive at 0x0000024E5D947560>
          │   └ {'type': 'http', 'http_version': '1.1', 'method': 'GET', 'path': '/market/history', 'raw_path': b'/market/history', 'root_pat...
          └ <function request_response.<locals>.app.<locals>.app at 0x0000024E9DAECF40>
  File "D:\excersis_file\Agentic_AI\QuantFlow\.venv\Lib\site-packages\fastapi\routing.py", line 144, in app
    response = await f(request)
                     │ └ <starlette.requests.Request object at 0x0000024E9DAF52E0>
                     └ <function get_request_handler.<locals>.app at 0x0000024E9DAECEA0>
  File "D:\excersis_file\Agentic_AI\QuantFlow\.venv\Lib\site-packages\fastapi\routing.py", line 706, in app
    raw_response = await run_endpoint_function(
                         └ <function run_endpoint_function at 0x0000024E5B1244A0>
  File "D:\excersis_file\Agentic_AI\QuantFlow\.venv\Lib\site-packages\fastapi\routing.py", line 352, in run_endpoint_function
    return await dependant.call(**values)
                 │         │      └ {'symbol': 'TIMEOUT', 'start': datetime.date(2024, 1, 1), 'end': datetime.date(2024, 1, 3), 'provider': 'yfinance', 'interval...
                 │         └ <member 'call' of 'Dependant' objects>
                 └ Dependant(path_params=[], query_params=[ModelField(field_info=Query(PydanticUndefined), name='symbol', mode='validation', con...

> File "D:\excersis_file\Agentic_AI\QuantFlow\backend\app\api\routers\market.py", line 46, in get_market_history
    df = await data_provider.get_candles(
               │             └ <AsyncMock name='get_candles' id='2536676142944'>
               └ <app.marketdata.yfinance_provider.YahooFinanceProvider object at 0x0000024E9DAF5B20>

  File "D:\excersis_file\Agentic_AI\QuantFlow\tools\python312\Lib\unittest\mock.py", line 2291, in _execute_mock_call
    raise effect
          └ RuntimeError('Yahoo API connection timeout')

RuntimeError: Yahoo API connection timeout
2026-08-05 12:44:35.271 | ERROR    | app.marketdata.validator:validate_ohlcv:79 - Duplicate timestamps detected in market data: [Timestamp('2024-01-01 00:00:00')]
2026-08-05 12:44:35.278 | ERROR    | app.marketdata.validator:validate_ohlcv:95 - NaN values detected in market data: {'open': 1, 'high': 0, 'low': 0, 'close': 0, 'volume': 0}
2026-08-05 12:44:35.283 | ERROR    | app.marketdata.validator:validate_ohlcv:103 - Negative prices detected in column close: 1 rows
2026-08-05 12:44:35.289 | ERROR    | app.marketdata.validator:validate_ohlcv:110 - Negative volume detected
2026-08-05 12:44:35.299 | ERROR    | app.marketdata.validator:validate_ohlcv:116 - High price is less than Low price in 1 rows
2026-08-05 12:44:42.037 | ERROR    | app.services.zerodha_auth:exchange_token:70 - Token exchange failed with HTTP status 400
2026-08-05 12:54:09.364 | ERROR    | app.api.routers.auth:callback:50 - Kite login callback failed during token exchange
Traceback (most recent call last):

  File "D:\excersis_file\Agentic_AI\QuantFlow\tools\python312\Lib\threading.py", line 1032, in _bootstrap
    self._bootstrap_inner()
    │    └ <function Thread._bootstrap_inner at 0x000002DCEAA12E80>
    └ <Thread(asyncio-portal-2dc90b86cf0, started daemon 23184)>
  File "D:\excersis_file\Agentic_AI\QuantFlow\tools\python312\Lib\threading.py", line 1075, in _bootstrap_inner
    self.run()
    │    └ <function Thread.run at 0x000002DCEAA12B60>
    └ <Thread(asyncio-portal-2dc90b86cf0, started daemon 23184)>
  File "D:\excersis_file\Agentic_AI\QuantFlow\tools\python312\Lib\threading.py", line 1012, in run
    self._target(*self._args, **self._kwargs)
    │    │        │    │        │    └ {}
    │    │        │    │        └ <Thread(asyncio-portal-2dc90b86cf0, started daemon 23184)>
    │    │        │    └ ()
    │    │        └ <Thread(asyncio-portal-2dc90b86cf0, started daemon 23184)>
    │    └ <function start_blocking_portal.<locals>.run_blocking_portal at 0x000002DC90B034C0>
    └ <Thread(asyncio-portal-2dc90b86cf0, started daemon 23184)>
  File "D:\excersis_file\Agentic_AI\QuantFlow\.venv\Lib\site-packages\anyio\from_thread.py", line 536, in run_blocking_portal
    run_eventloop(
    └ <function run at 0x000002DCEB52B060>
  File "D:\excersis_file\Agentic_AI\QuantFlow\.venv\Lib\site-packages\anyio\_core\_eventloop.py", line 83, in run
    return async_backend.run(func, args, {}, backend_options)
           │             │   │     │         └ {}
           │             │   │     └ ()
           │             │   └ <function start_blocking_portal.<locals>.run_portal at 0x000002DC90B03A60>
           │             └ <classmethod(<function AsyncIOBackend.run at 0x000002DCED071DA0>)>
           └ <class 'anyio._backends._asyncio.AsyncIOBackend'>
  File "D:\excersis_file\Agentic_AI\QuantFlow\.venv\Lib\site-packages\anyio\_backends\_asyncio.py", line 2481, in run
    return runner.run(wrapper())
           │      │   └ <function start_blocking_portal.<locals>.run_portal at 0x000002DC90B420C0>
           │      └ <function Runner.run at 0x000002DCECF88E00>
           └ <asyncio.runners.Runner object at 0x000002DC90B86E40>
  File "D:\excersis_file\Agentic_AI\QuantFlow\tools\python312\Lib\asyncio\runners.py", line 118, in run
    return self._loop.run_until_complete(task)
           │    │     │                  └ <Task pending name='anyio.from_thread.start_blocking_portal.<locals>.run_portal' coro=<start_blocking_portal.<locals>.run_por...
           │    │     └ <function BaseEventLoop.run_until_complete at 0x000002DCECF7A980>
           │    └ <ProactorEventLoop running=True closed=False debug=False>
           └ <asyncio.runners.Runner object at 0x000002DC90B86E40>
  File "D:\excersis_file\Agentic_AI\QuantFlow\tools\python312\Lib\asyncio\base_events.py", line 678, in run_until_complete
    self.run_forever()
    │    └ <function ProactorEventLoop.run_forever at 0x000002DCED053E20>
    └ <ProactorEventLoop running=True closed=False debug=False>
  File "D:\excersis_file\Agentic_AI\QuantFlow\tools\python312\Lib\asyncio\windows_events.py", line 322, in run_forever
    super().run_forever()
  File "D:\excersis_file\Agentic_AI\QuantFlow\tools\python312\Lib\asyncio\base_events.py", line 645, in run_forever
    self._run_once()
    │    └ <function BaseEventLoop._run_once at 0x000002DCECF88720>
    └ <ProactorEventLoop running=True closed=False debug=False>
  File "D:\excersis_file\Agentic_AI\QuantFlow\tools\python312\Lib\asyncio\base_events.py", line 1999, in _run_once
    handle._run()
    │      └ <function Handle._run at 0x000002DCECF1C900>
    └ <Handle Task.task_wakeup(<Future finis...46343988352'>>)>
  File "D:\excersis_file\Agentic_AI\QuantFlow\tools\python312\Lib\asyncio\events.py", line 88, in _run
    self._context.run(self._callback, *self._args)
    │    │            │    │           │    └ <member '_args' of 'Handle' objects>
    │    │            │    │           └ <Handle Task.task_wakeup(<Future finis...46343988352'>>)>
    │    │            │    └ <member '_callback' of 'Handle' objects>
    │    │            └ <Handle Task.task_wakeup(<Future finis...46343988352'>>)>
    │    └ <member '_context' of 'Handle' objects>
    └ <Handle Task.task_wakeup(<Future finis...46343988352'>>)>
  File "D:\excersis_file\Agentic_AI\QuantFlow\.venv\Lib\site-packages\anyio\_core\_tasks.py", line 275, in _run_coro
    retval = await self._coro
                   │    └ <member '_coro' of 'TaskHandle' objects>
                   └ <TaskHandle pending name='anyio.from_thread.BlockingPortal._call_func' coro=<coroutine object BlockingPortal._call_func at 0x...
  File "D:\excersis_file\Agentic_AI\QuantFlow\.venv\Lib\site-packages\anyio\from_thread.py", line 263, in _call_func
    retval = await retval_or_awaitable
                   └ <coroutine object FastAPI.__call__ at 0x000002DC90B76980>
  File "D:\excersis_file\Agentic_AI\QuantFlow\.venv\Lib\site-packages\fastapi\applications.py", line 1163, in __call__
    await super().__call__(scope, receive, send)
                           │      │        └ <function _TestClientTransport.handle_request.<locals>.send at 0x000002DC90B42340>
                           │      └ <function _TestClientTransport.handle_request.<locals>.receive at 0x000002DC90B036A0>
                           └ {'type': 'http', 'http_version': '1.1', 'method': 'GET', 'path': '/auth/callback', 'raw_path': b'/auth/callback', 'root_path'...
  File "D:\excersis_file\Agentic_AI\QuantFlow\.venv\Lib\site-packages\starlette\applications.py", line 90, in __call__
    await self.middleware_stack(scope, receive, send)
          │    │                │      │        └ <function _TestClientTransport.handle_request.<locals>.send at 0x000002DC90B42340>
          │    │                │      └ <function _TestClientTransport.handle_request.<locals>.receive at 0x000002DC90B036A0>
          │    │                └ {'type': 'http', 'http_version': '1.1', 'method': 'GET', 'path': '/auth/callback', 'raw_path': b'/auth/callback', 'root_path'...
          │    └ <starlette.middleware.errors.ServerErrorMiddleware object at 0x000002DC90B0F830>
          └ <fastapi.applications.FastAPI object at 0x000002DC9085CDA0>
  File "D:\excersis_file\Agentic_AI\QuantFlow\.venv\Lib\site-packages\starlette\middleware\errors.py", line 164, in __call__
    await self.app(scope, receive, _send)
          │    │   │      │        └ <function ServerErrorMiddleware.__call__.<locals>._send at 0x000002DC90B42E80>
          │    │   │      └ <function _TestClientTransport.handle_request.<locals>.receive at 0x000002DC90B036A0>
          │    │   └ {'type': 'http', 'http_version': '1.1', 'method': 'GET', 'path': '/auth/callback', 'raw_path': b'/auth/callback', 'root_path'...
          │    └ <starlette.middleware.exceptions.ExceptionMiddleware object at 0x000002DC90B0F800>
          └ <starlette.middleware.errors.ServerErrorMiddleware object at 0x000002DC90B0F830>
  File "D:\excersis_file\Agentic_AI\QuantFlow\.venv\Lib\site-packages\starlette\middleware\exceptions.py", line 63, in __call__
    await wrap_app_handling_exceptions(self.app, conn)(scope, receive, send)
          │                            │    │    │     │      │        └ <function ServerErrorMiddleware.__call__.<locals>._send at 0x000002DC90B42E80>
          │                            │    │    │     │      └ <function _TestClientTransport.handle_request.<locals>.receive at 0x000002DC90B036A0>
          │                            │    │    │     └ {'type': 'http', 'http_version': '1.1', 'method': 'GET', 'path': '/auth/callback', 'raw_path': b'/auth/callback', 'root_path'...
          │                            │    │    └ <starlette.requests.Request object at 0x000002DC90B913D0>
          │                            │    └ <fastapi.middleware.asyncexitstack.AsyncExitStackMiddleware object at 0x000002DC90B0F7D0>
          │                            └ <starlette.middleware.exceptions.ExceptionMiddleware object at 0x000002DC90B0F800>
          └ <function wrap_app_handling_exceptions at 0x000002DC8E70C7C0>
  File "D:\excersis_file\Agentic_AI\QuantFlow\.venv\Lib\site-packages\starlette\_exception_handler.py", line 42, in wrapped_app
    await app(scope, receive, sender)
          │   │      │        └ <function wrap_app_handling_exceptions.<locals>.wrapped_app.<locals>.sender at 0x000002DC90B42FC0>
          │   │      └ <function _TestClientTransport.handle_request.<locals>.receive at 0x000002DC90B036A0>
          │   └ {'type': 'http', 'http_version': '1.1', 'method': 'GET', 'path': '/auth/callback', 'raw_path': b'/auth/callback', 'root_path'...
          └ <fastapi.middleware.asyncexitstack.AsyncExitStackMiddleware object at 0x000002DC90B0F7D0>
  File "D:\excersis_file\Agentic_AI\QuantFlow\.venv\Lib\site-packages\fastapi\middleware\asyncexitstack.py", line 18, in __call__
    await self.app(scope, receive, send)
          │    │   │      │        └ <function wrap_app_handling_exceptions.<locals>.wrapped_app.<locals>.sender at 0x000002DC90B42FC0>
          │    │   │      └ <function _TestClientTransport.handle_request.<locals>.receive at 0x000002DC90B036A0>
          │    │   └ {'type': 'http', 'http_version': '1.1', 'method': 'GET', 'path': '/auth/callback', 'raw_path': b'/auth/callback', 'root_path'...
          │    └ <fastapi.routing.APIRouter object at 0x000002DC9088B980>
          └ <fastapi.middleware.asyncexitstack.AsyncExitStackMiddleware object at 0x000002DC90B0F7D0>
  File "D:\excersis_file\Agentic_AI\QuantFlow\.venv\Lib\site-packages\starlette\routing.py", line 660, in __call__
    await self.middleware_stack(scope, receive, send)
          │    │                │      │        └ <function wrap_app_handling_exceptions.<locals>.wrapped_app.<locals>.sender at 0x000002DC90B42FC0>
          │    │                │      └ <function _TestClientTransport.handle_request.<locals>.receive at 0x000002DC90B036A0>
          │    │                └ {'type': 'http', 'http_version': '1.1', 'method': 'GET', 'path': '/auth/callback', 'raw_path': b'/auth/callback', 'root_path'...
          │    └ <bound method APIRouter.app of <fastapi.routing.APIRouter object at 0x000002DC9088B980>>
          └ <fastapi.routing.APIRouter object at 0x000002DC9088B980>
  File "D:\excersis_file\Agentic_AI\QuantFlow\.venv\Lib\site-packages\fastapi\routing.py", line 2734, in app
    await route.handle(scope, receive, send)
          │     │      │      │        └ <function wrap_app_handling_exceptions.<locals>.wrapped_app.<locals>.sender at 0x000002DC90B42FC0>
          │     │      │      └ <function _TestClientTransport.handle_request.<locals>.receive at 0x000002DC90B036A0>
          │     │      └ {'type': 'http', 'http_version': '1.1', 'method': 'GET', 'path': '/auth/callback', 'raw_path': b'/auth/callback', 'root_path'...
          │     └ <function _IncludedRouter.handle at 0x000002DC8E726FC0>
          └ _IncludedRouter(original_router=<fastapi.routing.APIRouter object at 0x000002DC904053D0>, include_context=_RouterIncludeConte...
  File "D:\excersis_file\Agentic_AI\QuantFlow\.venv\Lib\site-packages\fastapi\routing.py", line 1780, in handle
    await self.original_router.handle(scope, receive, send)
          │    │               │      │      │        └ <function wrap_app_handling_exceptions.<locals>.wrapped_app.<locals>.sender at 0x000002DC90B42FC0>
          │    │               │      │      └ <function _TestClientTransport.handle_request.<locals>.receive at 0x000002DC90B036A0>
          │    │               │      └ {'type': 'http', 'http_version': '1.1', 'method': 'GET', 'path': '/auth/callback', 'raw_path': b'/auth/callback', 'root_path'...
          │    │               └ <function APIRouter.handle at 0x000002DC8E745080>
          │    └ <fastapi.routing.APIRouter object at 0x000002DC904053D0>
          └ _IncludedRouter(original_router=<fastapi.routing.APIRouter object at 0x000002DC904053D0>, include_context=_RouterIncludeConte...
  File "D:\excersis_file\Agentic_AI\QuantFlow\.venv\Lib\site-packages\fastapi\routing.py", line 2789, in handle
    await included_router._handle_selected(scope, receive, send)
          │               │                │      │        └ <function wrap_app_handling_exceptions.<locals>.wrapped_app.<locals>.sender at 0x000002DC90B42FC0>
          │               │                │      └ <function _TestClientTransport.handle_request.<locals>.receive at 0x000002DC90B036A0>
          │               │                └ {'type': 'http', 'http_version': '1.1', 'method': 'GET', 'path': '/auth/callback', 'raw_path': b'/auth/callback', 'root_path'...
          │               └ <function _IncludedRouter._handle_selected at 0x000002DC8E727060>
          └ _IncludedRouter(original_router=<fastapi.routing.APIRouter object at 0x000002DC904053D0>, include_context=_RouterIncludeConte...
  File "D:\excersis_file\Agentic_AI\QuantFlow\.venv\Lib\site-packages\fastapi\routing.py", line 1800, in _handle_selected
    await original_route.handle(scope, receive, send)
          │              │      │      │        └ <function wrap_app_handling_exceptions.<locals>.wrapped_app.<locals>.sender at 0x000002DC90B42FC0>
          │              │      │      └ <function _TestClientTransport.handle_request.<locals>.receive at 0x000002DC90B036A0>
          │              │      └ {'type': 'http', 'http_version': '1.1', 'method': 'GET', 'path': '/auth/callback', 'raw_path': b'/auth/callback', 'root_path'...
          │              └ <function APIRoute.handle at 0x000002DC8E725120>
          └ APIRoute(path='/auth/callback', name='callback', methods=['GET'])
  File "D:\excersis_file\Agentic_AI\QuantFlow\.venv\Lib\site-packages\fastapi\routing.py", line 1279, in handle
    await app(scope, receive, send)
          │   │      │        └ <function wrap_app_handling_exceptions.<locals>.wrapped_app.<locals>.sender at 0x000002DC90B42FC0>
          │   │      └ <function _TestClientTransport.handle_request.<locals>.receive at 0x000002DC90B036A0>
          │   └ {'type': 'http', 'http_version': '1.1', 'method': 'GET', 'path': '/auth/callback', 'raw_path': b'/auth/callback', 'root_path'...
          └ <function request_response.<locals>.app at 0x000002DC90B431A0>
  File "D:\excersis_file\Agentic_AI\QuantFlow\.venv\Lib\site-packages\fastapi\routing.py", line 158, in app
    await wrap_app_handling_exceptions(app, request)(scope, receive, send)
          │                            │    │        │      │        └ <function wrap_app_handling_exceptions.<locals>.wrapped_app.<locals>.sender at 0x000002DC90B42FC0>
          │                            │    │        │      └ <function _TestClientTransport.handle_request.<locals>.receive at 0x000002DC90B036A0>
          │                            │    │        └ {'type': 'http', 'http_version': '1.1', 'method': 'GET', 'path': '/auth/callback', 'raw_path': b'/auth/callback', 'root_path'...
          │                            │    └ <starlette.requests.Request object at 0x000002DC90B91B80>
          │                            └ <function request_response.<locals>.app.<locals>.app at 0x000002DC90B42200>
          └ <function wrap_app_handling_exceptions at 0x000002DC8E70C7C0>
  File "D:\excersis_file\Agentic_AI\QuantFlow\.venv\Lib\site-packages\starlette\_exception_handler.py", line 42, in wrapped_app
    await app(scope, receive, sender)
          │   │      │        └ <function wrap_app_handling_exceptions.<locals>.wrapped_app.<locals>.sender at 0x000002DC90B43420>
          │   │      └ <function _TestClientTransport.handle_request.<locals>.receive at 0x000002DC90B036A0>
          │   └ {'type': 'http', 'http_version': '1.1', 'method': 'GET', 'path': '/auth/callback', 'raw_path': b'/auth/callback', 'root_path'...
          └ <function request_response.<locals>.app.<locals>.app at 0x000002DC90B42200>
  File "D:\excersis_file\Agentic_AI\QuantFlow\.venv\Lib\site-packages\fastapi\routing.py", line 144, in app
    response = await f(request)
                     │ └ <starlette.requests.Request object at 0x000002DC90B91B80>
                     └ <function get_request_handler.<locals>.app at 0x000002DC90B43060>
  File "D:\excersis_file\Agentic_AI\QuantFlow\.venv\Lib\site-packages\fastapi\routing.py", line 706, in app
    raw_response = await run_endpoint_function(
                         └ <function run_endpoint_function at 0x000002DC8E7244A0>
  File "D:\excersis_file\Agentic_AI\QuantFlow\.venv\Lib\site-packages\fastapi\routing.py", line 352, in run_endpoint_function
    return await dependant.call(**values)
                 │         │      └ {'auth_service': <MagicMock spec='ZerodhaAuthService' id='3146343988352'>, 'request_token': 'invalid_req_token', 'status': None}
                 │         └ <member 'call' of 'Dependant' objects>
                 └ Dependant(path_params=[], query_params=[ModelField(field_info=Query(None), name='request_token', mode='validation', config=No...

> File "D:\excersis_file\Agentic_AI\QuantFlow\backend\app\api\routers\auth.py", line 42, in callback
    session_data = await auth_service.exchange_token(request_token)
                         │            │              └ 'invalid_req_token'
                         │            └ <AsyncMock name='mock.exchange_token' id='3146300790336'>
                         └ <MagicMock spec='ZerodhaAuthService' id='3146343988352'>

  File "D:\excersis_file\Agentic_AI\QuantFlow\tools\python312\Lib\unittest\mock.py", line 2291, in _execute_mock_call
    raise effect
          └ RuntimeError('Token exchange failed')

RuntimeError: Token exchange failed
2026-08-05 12:54:27.747 | ERROR    | app.services.alert_engine:send_alert:55 - [ALERT - CRITICAL] Emergency Stop: Account drawdown threshold breached
2026-08-05 12:54:46.450 | ERROR    | app.marketdata.yfinance_provider:get_candles:100 - Failed all 2 attempts to fetch Yahoo Finance data for 'INVALID'
2026-08-05 12:54:46.468 | ERROR    | app.marketdata.csv_provider:get_candles:33 - CSV file not found for symbol 'NONEXISTENT' at C:\Users\creat\AppData\Local\Temp\pytest-of-creat\pytest-46\test_csv_provider_missing_file0\NONEXISTENT.csv
2026-08-05 12:54:46.587 | ERROR    | app.api.routers.market:get_market_history:55 - Market data validation error for 'BADSYMBOL': Negative price values detected
2026-08-05 12:54:46.596 | ERROR    | app.api.routers.market:get_market_history:58 - Failed to fetch market data for 'TIMEOUT'
Traceback (most recent call last):

  File "D:\excersis_file\Agentic_AI\QuantFlow\tools\python312\Lib\threading.py", line 1032, in _bootstrap
    self._bootstrap_inner()
    │    └ <function Thread._bootstrap_inner at 0x000002DCEAA12E80>
    └ <Thread(asyncio-portal-2dc91052630, started daemon 24128)>
  File "D:\excersis_file\Agentic_AI\QuantFlow\tools\python312\Lib\threading.py", line 1075, in _bootstrap_inner
    self.run()
    │    └ <function Thread.run at 0x000002DCEAA12B60>
    └ <Thread(asyncio-portal-2dc91052630, started daemon 24128)>
  File "D:\excersis_file\Agentic_AI\QuantFlow\tools\python312\Lib\threading.py", line 1012, in run
    self._target(*self._args, **self._kwargs)
    │    │        │    │        │    └ {}
    │    │        │    │        └ <Thread(asyncio-portal-2dc91052630, started daemon 24128)>
    │    │        │    └ ()
    │    │        └ <Thread(asyncio-portal-2dc91052630, started daemon 24128)>
    │    └ <function start_blocking_portal.<locals>.run_blocking_portal at 0x000002DC9100F240>
    └ <Thread(asyncio-portal-2dc91052630, started daemon 24128)>
  File "D:\excersis_file\Agentic_AI\QuantFlow\.venv\Lib\site-packages\anyio\from_thread.py", line 536, in run_blocking_portal
    run_eventloop(
    └ <function run at 0x000002DCEB52B060>
  File "D:\excersis_file\Agentic_AI\QuantFlow\.venv\Lib\site-packages\anyio\_core\_eventloop.py", line 83, in run
    return async_backend.run(func, args, {}, backend_options)
           │             │   │     │         └ {}
           │             │   │     └ ()
           │             │   └ <function start_blocking_portal.<locals>.run_portal at 0x000002DC9100E160>
           │             └ <classmethod(<function AsyncIOBackend.run at 0x000002DCED071DA0>)>
           └ <class 'anyio._backends._asyncio.AsyncIOBackend'>
  File "D:\excersis_file\Agentic_AI\QuantFlow\.venv\Lib\site-packages\anyio\_backends\_asyncio.py", line 2481, in run
    return runner.run(wrapper())
           │      │   └ <function start_blocking_portal.<locals>.run_portal at 0x000002DC9100E200>
           │      └ <function Runner.run at 0x000002DCECF88E00>
           └ <asyncio.runners.Runner object at 0x000002DC90F70830>
  File "D:\excersis_file\Agentic_AI\QuantFlow\tools\python312\Lib\asyncio\runners.py", line 118, in run
    return self._loop.run_until_complete(task)
           │    │     │                  └ <Task pending name='anyio.from_thread.start_blocking_portal.<locals>.run_portal' coro=<start_blocking_portal.<locals>.run_por...
           │    │     └ <function BaseEventLoop.run_until_complete at 0x000002DCECF7A980>
           │    └ <ProactorEventLoop running=True closed=False debug=False>
           └ <asyncio.runners.Runner object at 0x000002DC90F70830>
  File "D:\excersis_file\Agentic_AI\QuantFlow\tools\python312\Lib\asyncio\base_events.py", line 678, in run_until_complete
    self.run_forever()
    │    └ <function ProactorEventLoop.run_forever at 0x000002DCED053E20>
    └ <ProactorEventLoop running=True closed=False debug=False>
  File "D:\excersis_file\Agentic_AI\QuantFlow\tools\python312\Lib\asyncio\windows_events.py", line 322, in run_forever
    super().run_forever()
  File "D:\excersis_file\Agentic_AI\QuantFlow\tools\python312\Lib\asyncio\base_events.py", line 645, in run_forever
    self._run_once()
    │    └ <function BaseEventLoop._run_once at 0x000002DCECF88720>
    └ <ProactorEventLoop running=True closed=False debug=False>
  File "D:\excersis_file\Agentic_AI\QuantFlow\tools\python312\Lib\asyncio\base_events.py", line 1999, in _run_once
    handle._run()
    │      └ <function Handle._run at 0x000002DCECF1C900>
    └ <Handle <_asyncio.TaskStepMethWrapper object at 0x000002DC91050BB0>()>
  File "D:\excersis_file\Agentic_AI\QuantFlow\tools\python312\Lib\asyncio\events.py", line 88, in _run
    self._context.run(self._callback, *self._args)
    │    │            │    │           │    └ <member '_args' of 'Handle' objects>
    │    │            │    │           └ <Handle <_asyncio.TaskStepMethWrapper object at 0x000002DC91050BB0>()>
    │    │            │    └ <member '_callback' of 'Handle' objects>
    │    │            └ <Handle <_asyncio.TaskStepMethWrapper object at 0x000002DC91050BB0>()>
    │    └ <member '_context' of 'Handle' objects>
    └ <Handle <_asyncio.TaskStepMethWrapper object at 0x000002DC91050BB0>()>
  File "D:\excersis_file\Agentic_AI\QuantFlow\.venv\Lib\site-packages\anyio\_core\_tasks.py", line 275, in _run_coro
    retval = await self._coro
                   │    └ <member '_coro' of 'TaskHandle' objects>
                   └ <TaskHandle pending name='anyio.from_thread.BlockingPortal._call_func' coro=<coroutine object BlockingPortal._call_func at 0x...
  File "D:\excersis_file\Agentic_AI\QuantFlow\.venv\Lib\site-packages\anyio\from_thread.py", line 263, in _call_func
    retval = await retval_or_awaitable
                   └ <coroutine object FastAPI.__call__ at 0x000002DC9101BA60>
  File "D:\excersis_file\Agentic_AI\QuantFlow\.venv\Lib\site-packages\fastapi\applications.py", line 1163, in __call__
    await super().__call__(scope, receive, send)
                           │      │        └ <function _TestClientTransport.handle_request.<locals>.send at 0x000002DC9100F2E0>
                           │      └ <function _TestClientTransport.handle_request.<locals>.receive at 0x000002DC9100D9E0>
                           └ {'type': 'http', 'http_version': '1.1', 'method': 'GET', 'path': '/market/history', 'raw_path': b'/market/history', 'root_pat...
  File "D:\excersis_file\Agentic_AI\QuantFlow\.venv\Lib\site-packages\starlette\applications.py", line 90, in __call__
    await self.middleware_stack(scope, receive, send)
          │    │                │      │        └ <function _TestClientTransport.handle_request.<locals>.send at 0x000002DC9100F2E0>
          │    │                │      └ <function _TestClientTransport.handle_request.<locals>.receive at 0x000002DC9100D9E0>
          │    │                └ {'type': 'http', 'http_version': '1.1', 'method': 'GET', 'path': '/market/history', 'raw_path': b'/market/history', 'root_pat...
          │    └ <starlette.middleware.errors.ServerErrorMiddleware object at 0x000002DC90B0F830>
          └ <fastapi.applications.FastAPI object at 0x000002DC9085CDA0>
  File "D:\excersis_file\Agentic_AI\QuantFlow\.venv\Lib\site-packages\starlette\middleware\errors.py", line 164, in __call__
    await self.app(scope, receive, _send)
          │    │   │      │        └ <function ServerErrorMiddleware.__call__.<locals>._send at 0x000002DC9100F6A0>
          │    │   │      └ <function _TestClientTransport.handle_request.<locals>.receive at 0x000002DC9100D9E0>
          │    │   └ {'type': 'http', 'http_version': '1.1', 'method': 'GET', 'path': '/market/history', 'raw_path': b'/market/history', 'root_pat...
          │    └ <starlette.middleware.exceptions.ExceptionMiddleware object at 0x000002DC90B0F800>
          └ <starlette.middleware.errors.ServerErrorMiddleware object at 0x000002DC90B0F830>
  File "D:\excersis_file\Agentic_AI\QuantFlow\.venv\Lib\site-packages\starlette\middleware\exceptions.py", line 63, in __call__
    await wrap_app_handling_exceptions(self.app, conn)(scope, receive, send)
          │                            │    │    │     │      │        └ <function ServerErrorMiddleware.__call__.<locals>._send at 0x000002DC9100F6A0>
          │                            │    │    │     │      └ <function _TestClientTransport.handle_request.<locals>.receive at 0x000002DC9100D9E0>
          │                            │    │    │     └ {'type': 'http', 'http_version': '1.1', 'method': 'GET', 'path': '/market/history', 'raw_path': b'/market/history', 'root_pat...
          │                            │    │    └ <starlette.requests.Request object at 0x000002DC91050770>
          │                            │    └ <fastapi.middleware.asyncexitstack.AsyncExitStackMiddleware object at 0x000002DC90B0F7D0>
          │                            └ <starlette.middleware.exceptions.ExceptionMiddleware object at 0x000002DC90B0F800>
          └ <function wrap_app_handling_exceptions at 0x000002DC8E70C7C0>
  File "D:\excersis_file\Agentic_AI\QuantFlow\.venv\Lib\site-packages\starlette\_exception_handler.py", line 42, in wrapped_app
    await app(scope, receive, sender)
          │   │      │        └ <function wrap_app_handling_exceptions.<locals>.wrapped_app.<locals>.sender at 0x000002DC9100F380>
          │   │      └ <function _TestClientTransport.handle_request.<locals>.receive at 0x000002DC9100D9E0>
          │   └ {'type': 'http', 'http_version': '1.1', 'method': 'GET', 'path': '/market/history', 'raw_path': b'/market/history', 'root_pat...
          └ <fastapi.middleware.asyncexitstack.AsyncExitStackMiddleware object at 0x000002DC90B0F7D0>
  File "D:\excersis_file\Agentic_AI\QuantFlow\.venv\Lib\site-packages\fastapi\middleware\asyncexitstack.py", line 18, in __call__
    await self.app(scope, receive, send)
          │    │   │      │        └ <function wrap_app_handling_exceptions.<locals>.wrapped_app.<locals>.sender at 0x000002DC9100F380>
          │    │   │      └ <function _TestClientTransport.handle_request.<locals>.receive at 0x000002DC9100D9E0>
          │    │   └ {'type': 'http', 'http_version': '1.1', 'method': 'GET', 'path': '/market/history', 'raw_path': b'/market/history', 'root_pat...
          │    └ <fastapi.routing.APIRouter object at 0x000002DC9088B980>
          └ <fastapi.middleware.asyncexitstack.AsyncExitStackMiddleware object at 0x000002DC90B0F7D0>
  File "D:\excersis_file\Agentic_AI\QuantFlow\.venv\Lib\site-packages\starlette\routing.py", line 660, in __call__
    await self.middleware_stack(scope, receive, send)
          │    │                │      │        └ <function wrap_app_handling_exceptions.<locals>.wrapped_app.<locals>.sender at 0x000002DC9100F380>
          │    │                │      └ <function _TestClientTransport.handle_request.<locals>.receive at 0x000002DC9100D9E0>
          │    │                └ {'type': 'http', 'http_version': '1.1', 'method': 'GET', 'path': '/market/history', 'raw_path': b'/market/history', 'root_pat...
          │    └ <bound method APIRouter.app of <fastapi.routing.APIRouter object at 0x000002DC9088B980>>
          └ <fastapi.routing.APIRouter object at 0x000002DC9088B980>
  File "D:\excersis_file\Agentic_AI\QuantFlow\.venv\Lib\site-packages\fastapi\routing.py", line 2734, in app
    await route.handle(scope, receive, send)
          │     │      │      │        └ <function wrap_app_handling_exceptions.<locals>.wrapped_app.<locals>.sender at 0x000002DC9100F380>
          │     │      │      └ <function _TestClientTransport.handle_request.<locals>.receive at 0x000002DC9100D9E0>
          │     │      └ {'type': 'http', 'http_version': '1.1', 'method': 'GET', 'path': '/market/history', 'raw_path': b'/market/history', 'root_pat...
          │     └ <function _IncludedRouter.handle at 0x000002DC8E726FC0>
          └ _IncludedRouter(original_router=<fastapi.routing.APIRouter object at 0x000002DC90745D00>, include_context=_RouterIncludeConte...
  File "D:\excersis_file\Agentic_AI\QuantFlow\.venv\Lib\site-packages\fastapi\routing.py", line 1780, in handle
    await self.original_router.handle(scope, receive, send)
          │    │               │      │      │        └ <function wrap_app_handling_exceptions.<locals>.wrapped_app.<locals>.sender at 0x000002DC9100F380>
          │    │               │      │      └ <function _TestClientTransport.handle_request.<locals>.receive at 0x000002DC9100D9E0>
          │    │               │      └ {'type': 'http', 'http_version': '1.1', 'method': 'GET', 'path': '/market/history', 'raw_path': b'/market/history', 'root_pat...
          │    │               └ <function APIRouter.handle at 0x000002DC8E745080>
          │    └ <fastapi.routing.APIRouter object at 0x000002DC90745D00>
          └ _IncludedRouter(original_router=<fastapi.routing.APIRouter object at 0x000002DC90745D00>, include_context=_RouterIncludeConte...
  File "D:\excersis_file\Agentic_AI\QuantFlow\.venv\Lib\site-packages\fastapi\routing.py", line 2789, in handle
    await included_router._handle_selected(scope, receive, send)
          │               │                │      │        └ <function wrap_app_handling_exceptions.<locals>.wrapped_app.<locals>.sender at 0x000002DC9100F380>
          │               │                │      └ <function _TestClientTransport.handle_request.<locals>.receive at 0x000002DC9100D9E0>
          │               │                └ {'type': 'http', 'http_version': '1.1', 'method': 'GET', 'path': '/market/history', 'raw_path': b'/market/history', 'root_pat...
          │               └ <function _IncludedRouter._handle_selected at 0x000002DC8E727060>
          └ _IncludedRouter(original_router=<fastapi.routing.APIRouter object at 0x000002DC90745D00>, include_context=_RouterIncludeConte...
  File "D:\excersis_file\Agentic_AI\QuantFlow\.venv\Lib\site-packages\fastapi\routing.py", line 1800, in _handle_selected
    await original_route.handle(scope, receive, send)
          │              │      │      │        └ <function wrap_app_handling_exceptions.<locals>.wrapped_app.<locals>.sender at 0x000002DC9100F380>
          │              │      │      └ <function _TestClientTransport.handle_request.<locals>.receive at 0x000002DC9100D9E0>
          │              │      └ {'type': 'http', 'http_version': '1.1', 'method': 'GET', 'path': '/market/history', 'raw_path': b'/market/history', 'root_pat...
          │              └ <function APIRoute.handle at 0x000002DC8E725120>
          └ APIRoute(path='/market/history', name='get_market_history', methods=['GET'])
  File "D:\excersis_file\Agentic_AI\QuantFlow\.venv\Lib\site-packages\fastapi\routing.py", line 1279, in handle
    await app(scope, receive, send)
          │   │      │        └ <function wrap_app_handling_exceptions.<locals>.wrapped_app.<locals>.sender at 0x000002DC9100F380>
          │   │      └ <function _TestClientTransport.handle_request.<locals>.receive at 0x000002DC9100D9E0>
          │   └ {'type': 'http', 'http_version': '1.1', 'method': 'GET', 'path': '/market/history', 'raw_path': b'/market/history', 'root_pat...
          └ <function request_response.<locals>.app at 0x000002DC91058040>
  File "D:\excersis_file\Agentic_AI\QuantFlow\.venv\Lib\site-packages\fastapi\routing.py", line 158, in app
    await wrap_app_handling_exceptions(app, request)(scope, receive, send)
          │                            │    │        │      │        └ <function wrap_app_handling_exceptions.<locals>.wrapped_app.<locals>.sender at 0x000002DC9100F380>
          │                            │    │        │      └ <function _TestClientTransport.handle_request.<locals>.receive at 0x000002DC9100D9E0>
          │                            │    │        └ {'type': 'http', 'http_version': '1.1', 'method': 'GET', 'path': '/market/history', 'raw_path': b'/market/history', 'root_pat...
          │                            │    └ <starlette.requests.Request object at 0x000002DC91051670>
          │                            └ <function request_response.<locals>.app.<locals>.app at 0x000002DC91058180>
          └ <function wrap_app_handling_exceptions at 0x000002DC8E70C7C0>
  File "D:\excersis_file\Agentic_AI\QuantFlow\.venv\Lib\site-packages\starlette\_exception_handler.py", line 42, in wrapped_app
    await app(scope, receive, sender)
          │   │      │        └ <function wrap_app_handling_exceptions.<locals>.wrapped_app.<locals>.sender at 0x000002DC91058360>
          │   │      └ <function _TestClientTransport.handle_request.<locals>.receive at 0x000002DC9100D9E0>
          │   └ {'type': 'http', 'http_version': '1.1', 'method': 'GET', 'path': '/market/history', 'raw_path': b'/market/history', 'root_pat...
          └ <function request_response.<locals>.app.<locals>.app at 0x000002DC91058180>
  File "D:\excersis_file\Agentic_AI\QuantFlow\.venv\Lib\site-packages\fastapi\routing.py", line 144, in app
    response = await f(request)
                     │ └ <starlette.requests.Request object at 0x000002DC91051670>
                     └ <function get_request_handler.<locals>.app at 0x000002DC910580E0>
  File "D:\excersis_file\Agentic_AI\QuantFlow\.venv\Lib\site-packages\fastapi\routing.py", line 706, in app
    raw_response = await run_endpoint_function(
                         └ <function run_endpoint_function at 0x000002DC8E7244A0>
  File "D:\excersis_file\Agentic_AI\QuantFlow\.venv\Lib\site-packages\fastapi\routing.py", line 352, in run_endpoint_function
    return await dependant.call(**values)
                 │         │      └ {'symbol': 'TIMEOUT', 'start': datetime.date(2024, 1, 1), 'end': datetime.date(2024, 1, 3), 'provider': 'yfinance', 'interval...
                 │         └ <member 'call' of 'Dependant' objects>
                 └ Dependant(path_params=[], query_params=[ModelField(field_info=Query(PydanticUndefined), name='symbol', mode='validation', con...

> File "D:\excersis_file\Agentic_AI\QuantFlow\backend\app\api\routers\market.py", line 46, in get_market_history
    df = await data_provider.get_candles(
               │             └ <AsyncMock name='get_candles' id='3146344063264'>
               └ <app.marketdata.yfinance_provider.YahooFinanceProvider object at 0x000002DC91051B80>

  File "D:\excersis_file\Agentic_AI\QuantFlow\tools\python312\Lib\unittest\mock.py", line 2291, in _execute_mock_call
    raise effect
          └ RuntimeError('Yahoo API connection timeout')

RuntimeError: Yahoo API connection timeout
2026-08-05 12:54:46.679 | ERROR    | app.marketdata.validator:validate_ohlcv:79 - Duplicate timestamps detected in market data: [Timestamp('2024-01-01 00:00:00')]
2026-08-05 12:54:46.684 | ERROR    | app.marketdata.validator:validate_ohlcv:95 - NaN values detected in market data: {'open': 1, 'high': 0, 'low': 0, 'close': 0, 'volume': 0}
2026-08-05 12:54:46.689 | ERROR    | app.marketdata.validator:validate_ohlcv:103 - Negative prices detected in column close: 1 rows
2026-08-05 12:54:46.692 | ERROR    | app.marketdata.validator:validate_ohlcv:110 - Negative volume detected
2026-08-05 12:54:46.697 | ERROR    | app.marketdata.validator:validate_ohlcv:116 - High price is less than Low price in 1 rows
2026-08-05 12:54:54.109 | ERROR    | app.services.zerodha_auth:exchange_token:70 - Token exchange failed with HTTP status 400
2026-08-05 12:59:45.649 | ERROR    | app.api.routers.auth:callback:50 - Kite login callback failed during token exchange
Traceback (most recent call last):

  File "D:\excersis_file\Agentic_AI\QuantFlow\tools\python312\Lib\threading.py", line 1032, in _bootstrap
    self._bootstrap_inner()
    │    └ <function Thread._bootstrap_inner at 0x00000166B5F82E80>
    └ <Thread(asyncio-portal-166dc128110, started daemon 34456)>
  File "D:\excersis_file\Agentic_AI\QuantFlow\tools\python312\Lib\threading.py", line 1075, in _bootstrap_inner
    self.run()
    │    └ <function Thread.run at 0x00000166B5F82B60>
    └ <Thread(asyncio-portal-166dc128110, started daemon 34456)>
  File "D:\excersis_file\Agentic_AI\QuantFlow\tools\python312\Lib\threading.py", line 1012, in run
    self._target(*self._args, **self._kwargs)
    │    │        │    │        │    └ {}
    │    │        │    │        └ <Thread(asyncio-portal-166dc128110, started daemon 34456)>
    │    │        │    └ ()
    │    │        └ <Thread(asyncio-portal-166dc128110, started daemon 34456)>
    │    └ <function start_blocking_portal.<locals>.run_blocking_portal at 0x00000166DC16A700>
    └ <Thread(asyncio-portal-166dc128110, started daemon 34456)>
  File "D:\excersis_file\Agentic_AI\QuantFlow\.venv\Lib\site-packages\anyio\from_thread.py", line 536, in run_blocking_portal
    run_eventloop(
    └ <function run at 0x00000166B6A7B060>
  File "D:\excersis_file\Agentic_AI\QuantFlow\.venv\Lib\site-packages\anyio\_core\_eventloop.py", line 83, in run
    return async_backend.run(func, args, {}, backend_options)
           │             │   │     │         └ {}
           │             │   │     └ ()
           │             │   └ <function start_blocking_portal.<locals>.run_portal at 0x00000166DC1698A0>
           │             └ <classmethod(<function AsyncIOBackend.run at 0x00000166B85C1DA0>)>
           └ <class 'anyio._backends._asyncio.AsyncIOBackend'>
  File "D:\excersis_file\Agentic_AI\QuantFlow\.venv\Lib\site-packages\anyio\_backends\_asyncio.py", line 2481, in run
    return runner.run(wrapper())
           │      │   └ <function start_blocking_portal.<locals>.run_portal at 0x00000166DC168C20>
           │      └ <function Runner.run at 0x00000166B8538E00>
           └ <asyncio.runners.Runner object at 0x00000166DC1284A0>
  File "D:\excersis_file\Agentic_AI\QuantFlow\tools\python312\Lib\asyncio\runners.py", line 118, in run
    return self._loop.run_until_complete(task)
           │    │     │                  └ <Task pending name='anyio.from_thread.start_blocking_portal.<locals>.run_portal' coro=<start_blocking_portal.<locals>.run_por...
           │    │     └ <function BaseEventLoop.run_until_complete at 0x00000166B852A980>
           │    └ <ProactorEventLoop running=True closed=False debug=False>
           └ <asyncio.runners.Runner object at 0x00000166DC1284A0>
  File "D:\excersis_file\Agentic_AI\QuantFlow\tools\python312\Lib\asyncio\base_events.py", line 678, in run_until_complete
    self.run_forever()
    │    └ <function ProactorEventLoop.run_forever at 0x00000166B85A3E20>
    └ <ProactorEventLoop running=True closed=False debug=False>
  File "D:\excersis_file\Agentic_AI\QuantFlow\tools\python312\Lib\asyncio\windows_events.py", line 322, in run_forever
    super().run_forever()
  File "D:\excersis_file\Agentic_AI\QuantFlow\tools\python312\Lib\asyncio\base_events.py", line 645, in run_forever
    self._run_once()
    │    └ <function BaseEventLoop._run_once at 0x00000166B8538720>
    └ <ProactorEventLoop running=True closed=False debug=False>
  File "D:\excersis_file\Agentic_AI\QuantFlow\tools\python312\Lib\asyncio\base_events.py", line 1999, in _run_once
    handle._run()
    │      └ <function Handle._run at 0x00000166B84CC900>
    └ <Handle Task.task_wakeup(<Future finis...41290142000'>>)>
  File "D:\excersis_file\Agentic_AI\QuantFlow\tools\python312\Lib\asyncio\events.py", line 88, in _run
    self._context.run(self._callback, *self._args)
    │    │            │    │           │    └ <member '_args' of 'Handle' objects>
    │    │            │    │           └ <Handle Task.task_wakeup(<Future finis...41290142000'>>)>
    │    │            │    └ <member '_callback' of 'Handle' objects>
    │    │            └ <Handle Task.task_wakeup(<Future finis...41290142000'>>)>
    │    └ <member '_context' of 'Handle' objects>
    └ <Handle Task.task_wakeup(<Future finis...41290142000'>>)>
  File "D:\excersis_file\Agentic_AI\QuantFlow\.venv\Lib\site-packages\anyio\_core\_tasks.py", line 275, in _run_coro
    retval = await self._coro
                   │    └ <member '_coro' of 'TaskHandle' objects>
                   └ <TaskHandle pending name='anyio.from_thread.BlockingPortal._call_func' coro=<coroutine object BlockingPortal._call_func at 0x...
  File "D:\excersis_file\Agentic_AI\QuantFlow\.venv\Lib\site-packages\anyio\from_thread.py", line 263, in _call_func
    retval = await retval_or_awaitable
                   └ <coroutine object FastAPI.__call__ at 0x00000166DC146A70>
  File "D:\excersis_file\Agentic_AI\QuantFlow\.venv\Lib\site-packages\fastapi\applications.py", line 1163, in __call__
    await super().__call__(scope, receive, send)
                           │      │        └ <function _TestClientTransport.handle_request.<locals>.send at 0x00000166DC16B880>
                           │      └ <function _TestClientTransport.handle_request.<locals>.receive at 0x00000166DC16ACA0>
                           └ {'type': 'http', 'http_version': '1.1', 'method': 'GET', 'path': '/auth/callback', 'raw_path': b'/auth/callback', 'root_path'...
  File "D:\excersis_file\Agentic_AI\QuantFlow\.venv\Lib\site-packages\starlette\applications.py", line 90, in __call__
    await self.middleware_stack(scope, receive, send)
          │    │                │      │        └ <function _TestClientTransport.handle_request.<locals>.send at 0x00000166DC16B880>
          │    │                │      └ <function _TestClientTransport.handle_request.<locals>.receive at 0x00000166DC16ACA0>
          │    │                └ {'type': 'http', 'http_version': '1.1', 'method': 'GET', 'path': '/auth/callback', 'raw_path': b'/auth/callback', 'root_path'...
          │    └ <starlette.middleware.errors.ServerErrorMiddleware object at 0x00000166DC0807A0>
          └ <fastapi.applications.FastAPI object at 0x00000166DB9AC800>
  File "D:\excersis_file\Agentic_AI\QuantFlow\.venv\Lib\site-packages\starlette\middleware\errors.py", line 164, in __call__
    await self.app(scope, receive, _send)
          │    │   │      │        └ <function ServerErrorMiddleware.__call__.<locals>._send at 0x00000166DC1693A0>
          │    │   │      └ <function _TestClientTransport.handle_request.<locals>.receive at 0x00000166DC16ACA0>
          │    │   └ {'type': 'http', 'http_version': '1.1', 'method': 'GET', 'path': '/auth/callback', 'raw_path': b'/auth/callback', 'root_path'...
          │    └ <starlette.middleware.exceptions.ExceptionMiddleware object at 0x00000166DC080770>
          └ <starlette.middleware.errors.ServerErrorMiddleware object at 0x00000166DC0807A0>
  File "D:\excersis_file\Agentic_AI\QuantFlow\.venv\Lib\site-packages\starlette\middleware\exceptions.py", line 63, in __call__
    await wrap_app_handling_exceptions(self.app, conn)(scope, receive, send)
          │                            │    │    │     │      │        └ <function ServerErrorMiddleware.__call__.<locals>._send at 0x00000166DC1693A0>
          │                            │    │    │     │      └ <function _TestClientTransport.handle_request.<locals>.receive at 0x00000166DC16ACA0>
          │                            │    │    │     └ {'type': 'http', 'http_version': '1.1', 'method': 'GET', 'path': '/auth/callback', 'raw_path': b'/auth/callback', 'root_path'...
          │                            │    │    └ <starlette.requests.Request object at 0x00000166DC12A960>
          │                            │    └ <fastapi.middleware.asyncexitstack.AsyncExitStackMiddleware object at 0x00000166DC080740>
          │                            └ <starlette.middleware.exceptions.ExceptionMiddleware object at 0x00000166DC080770>
          └ <function wrap_app_handling_exceptions at 0x00000166D9C6C7C0>
  File "D:\excersis_file\Agentic_AI\QuantFlow\.venv\Lib\site-packages\starlette\_exception_handler.py", line 42, in wrapped_app
    await app(scope, receive, sender)
          │   │      │        └ <function wrap_app_handling_exceptions.<locals>.wrapped_app.<locals>.sender at 0x00000166DC0EC0E0>
          │   │      └ <function _TestClientTransport.handle_request.<locals>.receive at 0x00000166DC16ACA0>
          │   └ {'type': 'http', 'http_version': '1.1', 'method': 'GET', 'path': '/auth/callback', 'raw_path': b'/auth/callback', 'root_path'...
          └ <fastapi.middleware.asyncexitstack.AsyncExitStackMiddleware object at 0x00000166DC080740>
  File "D:\excersis_file\Agentic_AI\QuantFlow\.venv\Lib\site-packages\fastapi\middleware\asyncexitstack.py", line 18, in __call__
    await self.app(scope, receive, send)
          │    │   │      │        └ <function wrap_app_handling_exceptions.<locals>.wrapped_app.<locals>.sender at 0x00000166DC0EC0E0>
          │    │   │      └ <function _TestClientTransport.handle_request.<locals>.receive at 0x00000166DC16ACA0>
          │    │   └ {'type': 'http', 'http_version': '1.1', 'method': 'GET', 'path': '/auth/callback', 'raw_path': b'/auth/callback', 'root_path'...
          │    └ <fastapi.routing.APIRouter object at 0x00000166DBDEBE60>
          └ <fastapi.middleware.asyncexitstack.AsyncExitStackMiddleware object at 0x00000166DC080740>
  File "D:\excersis_file\Agentic_AI\QuantFlow\.venv\Lib\site-packages\starlette\routing.py", line 660, in __call__
    await self.middleware_stack(scope, receive, send)
          │    │                │      │        └ <function wrap_app_handling_exceptions.<locals>.wrapped_app.<locals>.sender at 0x00000166DC0EC0E0>
          │    │                │      └ <function _TestClientTransport.handle_request.<locals>.receive at 0x00000166DC16ACA0>
          │    │                └ {'type': 'http', 'http_version': '1.1', 'method': 'GET', 'path': '/auth/callback', 'raw_path': b'/auth/callback', 'root_path'...
          │    └ <bound method APIRouter.app of <fastapi.routing.APIRouter object at 0x00000166DBDEBE60>>
          └ <fastapi.routing.APIRouter object at 0x00000166DBDEBE60>
  File "D:\excersis_file\Agentic_AI\QuantFlow\.venv\Lib\site-packages\fastapi\routing.py", line 2734, in app
    await route.handle(scope, receive, send)
          │     │      │      │        └ <function wrap_app_handling_exceptions.<locals>.wrapped_app.<locals>.sender at 0x00000166DC0EC0E0>
          │     │      │      └ <function _TestClientTransport.handle_request.<locals>.receive at 0x00000166DC16ACA0>
          │     │      └ {'type': 'http', 'http_version': '1.1', 'method': 'GET', 'path': '/auth/callback', 'raw_path': b'/auth/callback', 'root_path'...
          │     └ <function _IncludedRouter.handle at 0x00000166D9C86FC0>
          └ _IncludedRouter(original_router=<fastapi.routing.APIRouter object at 0x00000166DBC9D730>, include_context=_RouterIncludeConte...
  File "D:\excersis_file\Agentic_AI\QuantFlow\.venv\Lib\site-packages\fastapi\routing.py", line 1780, in handle
    await self.original_router.handle(scope, receive, send)
          │    │               │      │      │        └ <function wrap_app_handling_exceptions.<locals>.wrapped_app.<locals>.sender at 0x00000166DC0EC0E0>
          │    │               │      │      └ <function _TestClientTransport.handle_request.<locals>.receive at 0x00000166DC16ACA0>
          │    │               │      └ {'type': 'http', 'http_version': '1.1', 'method': 'GET', 'path': '/auth/callback', 'raw_path': b'/auth/callback', 'root_path'...
          │    │               └ <function APIRouter.handle at 0x00000166D9CA5080>
          │    └ <fastapi.routing.APIRouter object at 0x00000166DBC9D730>
          └ _IncludedRouter(original_router=<fastapi.routing.APIRouter object at 0x00000166DBC9D730>, include_context=_RouterIncludeConte...
  File "D:\excersis_file\Agentic_AI\QuantFlow\.venv\Lib\site-packages\fastapi\routing.py", line 2789, in handle
    await included_router._handle_selected(scope, receive, send)
          │               │                │      │        └ <function wrap_app_handling_exceptions.<locals>.wrapped_app.<locals>.sender at 0x00000166DC0EC0E0>
          │               │                │      └ <function _TestClientTransport.handle_request.<locals>.receive at 0x00000166DC16ACA0>
          │               │                └ {'type': 'http', 'http_version': '1.1', 'method': 'GET', 'path': '/auth/callback', 'raw_path': b'/auth/callback', 'root_path'...
          │               └ <function _IncludedRouter._handle_selected at 0x00000166D9C87060>
          └ _IncludedRouter(original_router=<fastapi.routing.APIRouter object at 0x00000166DBC9D730>, include_context=_RouterIncludeConte...
  File "D:\excersis_file\Agentic_AI\QuantFlow\.venv\Lib\site-packages\fastapi\routing.py", line 1800, in _handle_selected
    await original_route.handle(scope, receive, send)
          │              │      │      │        └ <function wrap_app_handling_exceptions.<locals>.wrapped_app.<locals>.sender at 0x00000166DC0EC0E0>
          │              │      │      └ <function _TestClientTransport.handle_request.<locals>.receive at 0x00000166DC16ACA0>
          │              │      └ {'type': 'http', 'http_version': '1.1', 'method': 'GET', 'path': '/auth/callback', 'raw_path': b'/auth/callback', 'root_path'...
          │              └ <function APIRoute.handle at 0x00000166D9C85120>
          └ APIRoute(path='/auth/callback', name='callback', methods=['GET'])
  File "D:\excersis_file\Agentic_AI\QuantFlow\.venv\Lib\site-packages\fastapi\routing.py", line 1279, in handle
    await app(scope, receive, send)
          │   │      │        └ <function wrap_app_handling_exceptions.<locals>.wrapped_app.<locals>.sender at 0x00000166DC0EC0E0>
          │   │      └ <function _TestClientTransport.handle_request.<locals>.receive at 0x00000166DC16ACA0>
          │   └ {'type': 'http', 'http_version': '1.1', 'method': 'GET', 'path': '/auth/callback', 'raw_path': b'/auth/callback', 'root_path'...
          └ <function request_response.<locals>.app at 0x00000166DC0EC220>
  File "D:\excersis_file\Agentic_AI\QuantFlow\.venv\Lib\site-packages\fastapi\routing.py", line 158, in app
    await wrap_app_handling_exceptions(app, request)(scope, receive, send)
          │                            │    │        │      │        └ <function wrap_app_handling_exceptions.<locals>.wrapped_app.<locals>.sender at 0x00000166DC0EC0E0>
          │                            │    │        │      └ <function _TestClientTransport.handle_request.<locals>.receive at 0x00000166DC16ACA0>
          │                            │    │        └ {'type': 'http', 'http_version': '1.1', 'method': 'GET', 'path': '/auth/callback', 'raw_path': b'/auth/callback', 'root_path'...
          │                            │    └ <starlette.requests.Request object at 0x00000166DA379D60>
          │                            └ <function request_response.<locals>.app.<locals>.app at 0x00000166DC0EC2C0>
          └ <function wrap_app_handling_exceptions at 0x00000166D9C6C7C0>
  File "D:\excersis_file\Agentic_AI\QuantFlow\.venv\Lib\site-packages\starlette\_exception_handler.py", line 42, in wrapped_app
    await app(scope, receive, sender)
          │   │      │        └ <function wrap_app_handling_exceptions.<locals>.wrapped_app.<locals>.sender at 0x00000166DC0EC400>
          │   │      └ <function _TestClientTransport.handle_request.<locals>.receive at 0x00000166DC16ACA0>
          │   └ {'type': 'http', 'http_version': '1.1', 'method': 'GET', 'path': '/auth/callback', 'raw_path': b'/auth/callback', 'root_path'...
          └ <function request_response.<locals>.app.<locals>.app at 0x00000166DC0EC2C0>
  File "D:\excersis_file\Agentic_AI\QuantFlow\.venv\Lib\site-packages\fastapi\routing.py", line 144, in app
    response = await f(request)
                     │ └ <starlette.requests.Request object at 0x00000166DA379D60>
                     └ <function get_request_handler.<locals>.app at 0x00000166DC0EC180>
  File "D:\excersis_file\Agentic_AI\QuantFlow\.venv\Lib\site-packages\fastapi\routing.py", line 706, in app
    raw_response = await run_endpoint_function(
                         └ <function run_endpoint_function at 0x00000166D9C844A0>
  File "D:\excersis_file\Agentic_AI\QuantFlow\.venv\Lib\site-packages\fastapi\routing.py", line 352, in run_endpoint_function
    return await dependant.call(**values)
                 │         │      └ {'auth_service': <MagicMock spec='ZerodhaAuthService' id='1541290142000'>, 'request_token': 'invalid_req_token', 'status': None}
                 │         └ <member 'call' of 'Dependant' objects>
                 └ Dependant(path_params=[], query_params=[ModelField(field_info=Query(None), name='request_token', mode='validation', config=No...

> File "D:\excersis_file\Agentic_AI\QuantFlow\backend\app\api\routers\auth.py", line 42, in callback
    session_data = await auth_service.exchange_token(request_token)
                         │            │              └ 'invalid_req_token'
                         │            └ <AsyncMock name='mock.exchange_token' id='1541289807024'>
                         └ <MagicMock spec='ZerodhaAuthService' id='1541290142000'>

  File "D:\excersis_file\Agentic_AI\QuantFlow\tools\python312\Lib\unittest\mock.py", line 2291, in _execute_mock_call
    raise effect
          └ RuntimeError('Token exchange failed')

RuntimeError: Token exchange failed
2026-08-05 13:00:03.912 | ERROR    | app.services.alert_engine:send_alert:55 - [ALERT - CRITICAL] Emergency Stop: Account drawdown threshold breached
2026-08-05 13:00:07.969 | ERROR    | app.marketdata.yfinance_provider:get_candles:100 - Failed all 2 attempts to fetch Yahoo Finance data for 'INVALID'
2026-08-05 13:00:07.995 | ERROR    | app.marketdata.csv_provider:get_candles:33 - CSV file not found for symbol 'NONEXISTENT' at C:\Users\creat\AppData\Local\Temp\pytest-of-creat\pytest-47\test_csv_provider_missing_file0\NONEXISTENT.csv
2026-08-05 13:00:08.215 | ERROR    | app.api.routers.market:get_market_history:55 - Market data validation error for 'BADSYMBOL': Negative price values detected
2026-08-05 13:00:08.232 | ERROR    | app.api.routers.market:get_market_history:58 - Failed to fetch market data for 'TIMEOUT'
Traceback (most recent call last):

  File "D:\excersis_file\Agentic_AI\QuantFlow\tools\python312\Lib\threading.py", line 1032, in _bootstrap
    self._bootstrap_inner()
    │    └ <function Thread._bootstrap_inner at 0x00000166B5F82E80>
    └ <Thread(asyncio-portal-166dc5da4e0, started daemon 33928)>
  File "D:\excersis_file\Agentic_AI\QuantFlow\tools\python312\Lib\threading.py", line 1075, in _bootstrap_inner
    self.run()
    │    └ <function Thread.run at 0x00000166B5F82B60>
    └ <Thread(asyncio-portal-166dc5da4e0, started daemon 33928)>
  File "D:\excersis_file\Agentic_AI\QuantFlow\tools\python312\Lib\threading.py", line 1012, in run
    self._target(*self._args, **self._kwargs)
    │    │        │    │        │    └ {}
    │    │        │    │        └ <Thread(asyncio-portal-166dc5da4e0, started daemon 33928)>
    │    │        │    └ ()
    │    │        └ <Thread(asyncio-portal-166dc5da4e0, started daemon 33928)>
    │    └ <function start_blocking_portal.<locals>.run_blocking_portal at 0x00000166DC573EC0>
    └ <Thread(asyncio-portal-166dc5da4e0, started daemon 33928)>
  File "D:\excersis_file\Agentic_AI\QuantFlow\.venv\Lib\site-packages\anyio\from_thread.py", line 536, in run_blocking_portal
    run_eventloop(
    └ <function run at 0x00000166B6A7B060>
  File "D:\excersis_file\Agentic_AI\QuantFlow\.venv\Lib\site-packages\anyio\_core\_eventloop.py", line 83, in run
    return async_backend.run(func, args, {}, backend_options)
           │             │   │     │         └ {}
           │             │   │     └ ()
           │             │   └ <function start_blocking_portal.<locals>.run_portal at 0x00000166DC573060>
           │             └ <classmethod(<function AsyncIOBackend.run at 0x00000166B85C1DA0>)>
           └ <class 'anyio._backends._asyncio.AsyncIOBackend'>
  File "D:\excersis_file\Agentic_AI\QuantFlow\.venv\Lib\site-packages\anyio\_backends\_asyncio.py", line 2481, in run
    return runner.run(wrapper())
           │      │   └ <function start_blocking_portal.<locals>.run_portal at 0x00000166DC573BA0>
           │      └ <function Runner.run at 0x00000166B8538E00>
           └ <asyncio.runners.Runner object at 0x00000166DC5A3F80>
  File "D:\excersis_file\Agentic_AI\QuantFlow\tools\python312\Lib\asyncio\runners.py", line 118, in run
    return self._loop.run_until_complete(task)
           │    │     │                  └ <Task pending name='anyio.from_thread.start_blocking_portal.<locals>.run_portal' coro=<start_blocking_portal.<locals>.run_por...
           │    │     └ <function BaseEventLoop.run_until_complete at 0x00000166B852A980>
           │    └ <ProactorEventLoop running=True closed=False debug=False>
           └ <asyncio.runners.Runner object at 0x00000166DC5A3F80>
  File "D:\excersis_file\Agentic_AI\QuantFlow\tools\python312\Lib\asyncio\base_events.py", line 678, in run_until_complete
    self.run_forever()
    │    └ <function ProactorEventLoop.run_forever at 0x00000166B85A3E20>
    └ <ProactorEventLoop running=True closed=False debug=False>
  File "D:\excersis_file\Agentic_AI\QuantFlow\tools\python312\Lib\asyncio\windows_events.py", line 322, in run_forever
    super().run_forever()
  File "D:\excersis_file\Agentic_AI\QuantFlow\tools\python312\Lib\asyncio\base_events.py", line 645, in run_forever
    self._run_once()
    │    └ <function BaseEventLoop._run_once at 0x00000166B8538720>
    └ <ProactorEventLoop running=True closed=False debug=False>
  File "D:\excersis_file\Agentic_AI\QuantFlow\tools\python312\Lib\asyncio\base_events.py", line 1999, in _run_once
    handle._run()
    │      └ <function Handle._run at 0x00000166B84CC900>
    └ <Handle <_asyncio.TaskStepMethWrapper object at 0x00000166DC5D89D0>()>
  File "D:\excersis_file\Agentic_AI\QuantFlow\tools\python312\Lib\asyncio\events.py", line 88, in _run
    self._context.run(self._callback, *self._args)
    │    │            │    │           │    └ <member '_args' of 'Handle' objects>
    │    │            │    │           └ <Handle <_asyncio.TaskStepMethWrapper object at 0x00000166DC5D89D0>()>
    │    │            │    └ <member '_callback' of 'Handle' objects>
    │    │            └ <Handle <_asyncio.TaskStepMethWrapper object at 0x00000166DC5D89D0>()>
    │    └ <member '_context' of 'Handle' objects>
    └ <Handle <_asyncio.TaskStepMethWrapper object at 0x00000166DC5D89D0>()>
  File "D:\excersis_file\Agentic_AI\QuantFlow\.venv\Lib\site-packages\anyio\_core\_tasks.py", line 275, in _run_coro
    retval = await self._coro
                   │    └ <member '_coro' of 'TaskHandle' objects>
                   └ <TaskHandle pending name='anyio.from_thread.BlockingPortal._call_func' coro=<coroutine object BlockingPortal._call_func at 0x...
  File "D:\excersis_file\Agentic_AI\QuantFlow\.venv\Lib\site-packages\anyio\from_thread.py", line 263, in _call_func
    retval = await retval_or_awaitable
                   └ <coroutine object FastAPI.__call__ at 0x00000166DC596110>
  File "D:\excersis_file\Agentic_AI\QuantFlow\.venv\Lib\site-packages\fastapi\applications.py", line 1163, in __call__
    await super().__call__(scope, receive, send)
                           │      │        └ <function _TestClientTransport.handle_request.<locals>.send at 0x00000166DC572D40>
                           │      └ <function _TestClientTransport.handle_request.<locals>.receive at 0x00000166DC573CE0>
                           └ {'type': 'http', 'http_version': '1.1', 'method': 'GET', 'path': '/market/history', 'raw_path': b'/market/history', 'root_pat...
  File "D:\excersis_file\Agentic_AI\QuantFlow\.venv\Lib\site-packages\starlette\applications.py", line 90, in __call__
    await self.middleware_stack(scope, receive, send)
          │    │                │      │        └ <function _TestClientTransport.handle_request.<locals>.send at 0x00000166DC572D40>
          │    │                │      └ <function _TestClientTransport.handle_request.<locals>.receive at 0x00000166DC573CE0>
          │    │                └ {'type': 'http', 'http_version': '1.1', 'method': 'GET', 'path': '/market/history', 'raw_path': b'/market/history', 'root_pat...
          │    └ <starlette.middleware.errors.ServerErrorMiddleware object at 0x00000166DC0807A0>
          └ <fastapi.applications.FastAPI object at 0x00000166DB9AC800>
  File "D:\excersis_file\Agentic_AI\QuantFlow\.venv\Lib\site-packages\starlette\middleware\errors.py", line 164, in __call__
    await self.app(scope, receive, _send)
          │    │   │      │        └ <function ServerErrorMiddleware.__call__.<locals>._send at 0x00000166DC5C1580>
          │    │   │      └ <function _TestClientTransport.handle_request.<locals>.receive at 0x00000166DC573CE0>
          │    │   └ {'type': 'http', 'http_version': '1.1', 'method': 'GET', 'path': '/market/history', 'raw_path': b'/market/history', 'root_pat...
          │    └ <starlette.middleware.exceptions.ExceptionMiddleware object at 0x00000166DC080770>
          └ <starlette.middleware.errors.ServerErrorMiddleware object at 0x00000166DC0807A0>
  File "D:\excersis_file\Agentic_AI\QuantFlow\.venv\Lib\site-packages\starlette\middleware\exceptions.py", line 63, in __call__
    await wrap_app_handling_exceptions(self.app, conn)(scope, receive, send)
          │                            │    │    │     │      │        └ <function ServerErrorMiddleware.__call__.<locals>._send at 0x00000166DC5C1580>
          │                            │    │    │     │      └ <function _TestClientTransport.handle_request.<locals>.receive at 0x00000166DC573CE0>
          │                            │    │    │     └ {'type': 'http', 'http_version': '1.1', 'method': 'GET', 'path': '/market/history', 'raw_path': b'/market/history', 'root_pat...
          │                            │    │    └ <starlette.requests.Request object at 0x00000166DC5D8650>
          │                            │    └ <fastapi.middleware.asyncexitstack.AsyncExitStackMiddleware object at 0x00000166DC080740>
          │                            └ <starlette.middleware.exceptions.ExceptionMiddleware object at 0x00000166DC080770>
          └ <function wrap_app_handling_exceptions at 0x00000166D9C6C7C0>
  File "D:\excersis_file\Agentic_AI\QuantFlow\.venv\Lib\site-packages\starlette\_exception_handler.py", line 42, in wrapped_app
    await app(scope, receive, sender)
          │   │      │        └ <function wrap_app_handling_exceptions.<locals>.wrapped_app.<locals>.sender at 0x00000166DC5C0220>
          │   │      └ <function _TestClientTransport.handle_request.<locals>.receive at 0x00000166DC573CE0>
          │   └ {'type': 'http', 'http_version': '1.1', 'method': 'GET', 'path': '/market/history', 'raw_path': b'/market/history', 'root_pat...
          └ <fastapi.middleware.asyncexitstack.AsyncExitStackMiddleware object at 0x00000166DC080740>
  File "D:\excersis_file\Agentic_AI\QuantFlow\.venv\Lib\site-packages\fastapi\middleware\asyncexitstack.py", line 18, in __call__
    await self.app(scope, receive, send)
          │    │   │      │        └ <function wrap_app_handling_exceptions.<locals>.wrapped_app.<locals>.sender at 0x00000166DC5C0220>
          │    │   │      └ <function _TestClientTransport.handle_request.<locals>.receive at 0x00000166DC573CE0>
          │    │   └ {'type': 'http', 'http_version': '1.1', 'method': 'GET', 'path': '/market/history', 'raw_path': b'/market/history', 'root_pat...
          │    └ <fastapi.routing.APIRouter object at 0x00000166DBDEBE60>
          └ <fastapi.middleware.asyncexitstack.AsyncExitStackMiddleware object at 0x00000166DC080740>
  File "D:\excersis_file\Agentic_AI\QuantFlow\.venv\Lib\site-packages\starlette\routing.py", line 660, in __call__
    await self.middleware_stack(scope, receive, send)
          │    │                │      │        └ <function wrap_app_handling_exceptions.<locals>.wrapped_app.<locals>.sender at 0x00000166DC5C0220>
          │    │                │      └ <function _TestClientTransport.handle_request.<locals>.receive at 0x00000166DC573CE0>
          │    │                └ {'type': 'http', 'http_version': '1.1', 'method': 'GET', 'path': '/market/history', 'raw_path': b'/market/history', 'root_pat...
          │    └ <bound method APIRouter.app of <fastapi.routing.APIRouter object at 0x00000166DBDEBE60>>
          └ <fastapi.routing.APIRouter object at 0x00000166DBDEBE60>
  File "D:\excersis_file\Agentic_AI\QuantFlow\.venv\Lib\site-packages\fastapi\routing.py", line 2734, in app
    await route.handle(scope, receive, send)
          │     │      │      │        └ <function wrap_app_handling_exceptions.<locals>.wrapped_app.<locals>.sender at 0x00000166DC5C0220>
          │     │      │      └ <function _TestClientTransport.handle_request.<locals>.receive at 0x00000166DC573CE0>
          │     │      └ {'type': 'http', 'http_version': '1.1', 'method': 'GET', 'path': '/market/history', 'raw_path': b'/market/history', 'root_pat...
          │     └ <function _IncludedRouter.handle at 0x00000166D9C86FC0>
          └ _IncludedRouter(original_router=<fastapi.routing.APIRouter object at 0x00000166DBC9DC70>, include_context=_RouterIncludeConte...
  File "D:\excersis_file\Agentic_AI\QuantFlow\.venv\Lib\site-packages\fastapi\routing.py", line 1780, in handle
    await self.original_router.handle(scope, receive, send)
          │    │               │      │      │        └ <function wrap_app_handling_exceptions.<locals>.wrapped_app.<locals>.sender at 0x00000166DC5C0220>
          │    │               │      │      └ <function _TestClientTransport.handle_request.<locals>.receive at 0x00000166DC573CE0>
          │    │               │      └ {'type': 'http', 'http_version': '1.1', 'method': 'GET', 'path': '/market/history', 'raw_path': b'/market/history', 'root_pat...
          │    │               └ <function APIRouter.handle at 0x00000166D9CA5080>
          │    └ <fastapi.routing.APIRouter object at 0x00000166DBC9DC70>
          └ _IncludedRouter(original_router=<fastapi.routing.APIRouter object at 0x00000166DBC9DC70>, include_context=_RouterIncludeConte...
  File "D:\excersis_file\Agentic_AI\QuantFlow\.venv\Lib\site-packages\fastapi\routing.py", line 2789, in handle
    await included_router._handle_selected(scope, receive, send)
          │               │                │      │        └ <function wrap_app_handling_exceptions.<locals>.wrapped_app.<locals>.sender at 0x00000166DC5C0220>
          │               │                │      └ <function _TestClientTransport.handle_request.<locals>.receive at 0x00000166DC573CE0>
          │               │                └ {'type': 'http', 'http_version': '1.1', 'method': 'GET', 'path': '/market/history', 'raw_path': b'/market/history', 'root_pat...
          │               └ <function _IncludedRouter._handle_selected at 0x00000166D9C87060>
          └ _IncludedRouter(original_router=<fastapi.routing.APIRouter object at 0x00000166DBC9DC70>, include_context=_RouterIncludeConte...
  File "D:\excersis_file\Agentic_AI\QuantFlow\.venv\Lib\site-packages\fastapi\routing.py", line 1800, in _handle_selected
    await original_route.handle(scope, receive, send)
          │              │      │      │        └ <function wrap_app_handling_exceptions.<locals>.wrapped_app.<locals>.sender at 0x00000166DC5C0220>
          │              │      │      └ <function _TestClientTransport.handle_request.<locals>.receive at 0x00000166DC573CE0>
          │              │      └ {'type': 'http', 'http_version': '1.1', 'method': 'GET', 'path': '/market/history', 'raw_path': b'/market/history', 'root_pat...
          │              └ <function APIRoute.handle at 0x00000166D9C85120>
          └ APIRoute(path='/market/history', name='get_market_history', methods=['GET'])
  File "D:\excersis_file\Agentic_AI\QuantFlow\.venv\Lib\site-packages\fastapi\routing.py", line 1279, in handle
    await app(scope, receive, send)
          │   │      │        └ <function wrap_app_handling_exceptions.<locals>.wrapped_app.<locals>.sender at 0x00000166DC5C0220>
          │   │      └ <function _TestClientTransport.handle_request.<locals>.receive at 0x00000166DC573CE0>
          │   └ {'type': 'http', 'http_version': '1.1', 'method': 'GET', 'path': '/market/history', 'raw_path': b'/market/history', 'root_pat...
          └ <function request_response.<locals>.app at 0x00000166DC5C1620>
  File "D:\excersis_file\Agentic_AI\QuantFlow\.venv\Lib\site-packages\fastapi\routing.py", line 158, in app
    await wrap_app_handling_exceptions(app, request)(scope, receive, send)
          │                            │    │        │      │        └ <function wrap_app_handling_exceptions.<locals>.wrapped_app.<locals>.sender at 0x00000166DC5C0220>
          │                            │    │        │      └ <function _TestClientTransport.handle_request.<locals>.receive at 0x00000166DC573CE0>
          │                            │    │        └ {'type': 'http', 'http_version': '1.1', 'method': 'GET', 'path': '/market/history', 'raw_path': b'/market/history', 'root_pat...
          │                            │    └ <starlette.requests.Request object at 0x00000166DC5D9430>
          │                            └ <function request_response.<locals>.app.<locals>.app at 0x00000166DC5C1760>
          └ <function wrap_app_handling_exceptions at 0x00000166D9C6C7C0>
  File "D:\excersis_file\Agentic_AI\QuantFlow\.venv\Lib\site-packages\starlette\_exception_handler.py", line 42, in wrapped_app
    await app(scope, receive, sender)
          │   │      │        └ <function wrap_app_handling_exceptions.<locals>.wrapped_app.<locals>.sender at 0x00000166DC5C18A0>
          │   │      └ <function _TestClientTransport.handle_request.<locals>.receive at 0x00000166DC573CE0>
          │   └ {'type': 'http', 'http_version': '1.1', 'method': 'GET', 'path': '/market/history', 'raw_path': b'/market/history', 'root_pat...
          └ <function request_response.<locals>.app.<locals>.app at 0x00000166DC5C1760>
  File "D:\excersis_file\Agentic_AI\QuantFlow\.venv\Lib\site-packages\fastapi\routing.py", line 144, in app
    response = await f(request)
                     │ └ <starlette.requests.Request object at 0x00000166DC5D9430>
                     └ <function get_request_handler.<locals>.app at 0x00000166DC5C16C0>
  File "D:\excersis_file\Agentic_AI\QuantFlow\.venv\Lib\site-packages\fastapi\routing.py", line 706, in app
    raw_response = await run_endpoint_function(
                         └ <function run_endpoint_function at 0x00000166D9C844A0>
  File "D:\excersis_file\Agentic_AI\QuantFlow\.venv\Lib\site-packages\fastapi\routing.py", line 352, in run_endpoint_function
    return await dependant.call(**values)
                 │         │      └ {'symbol': 'TIMEOUT', 'start': datetime.date(2024, 1, 1), 'end': datetime.date(2024, 1, 3), 'provider': 'yfinance', 'interval...
                 │         └ <member 'call' of 'Dependant' objects>
                 └ Dependant(path_params=[], query_params=[ModelField(field_info=Query(PydanticUndefined), name='symbol', mode='validation', con...

> File "D:\excersis_file\Agentic_AI\QuantFlow\backend\app\api\routers\market.py", line 46, in get_market_history
    df = await data_provider.get_candles(
               │             └ <AsyncMock name='get_candles' id='1541293077088'>
               └ <app.marketdata.yfinance_provider.YahooFinanceProvider object at 0x00000166DC5D9CD0>

  File "D:\excersis_file\Agentic_AI\QuantFlow\tools\python312\Lib\unittest\mock.py", line 2291, in _execute_mock_call
    raise effect
          └ RuntimeError('Yahoo API connection timeout')

RuntimeError: Yahoo API connection timeout
2026-08-05 13:00:08.415 | ERROR    | app.marketdata.validator:validate_ohlcv:79 - Duplicate timestamps detected in market data: [Timestamp('2024-01-01 00:00:00')]
2026-08-05 13:00:08.423 | ERROR    | app.marketdata.validator:validate_ohlcv:95 - NaN values detected in market data: {'open': 1, 'high': 0, 'low': 0, 'close': 0, 'volume': 0}
2026-08-05 13:00:08.436 | ERROR    | app.marketdata.validator:validate_ohlcv:103 - Negative prices detected in column close: 1 rows
2026-08-05 13:00:08.446 | ERROR    | app.marketdata.validator:validate_ohlcv:110 - Negative volume detected
2026-08-05 13:00:08.469 | ERROR    | app.marketdata.validator:validate_ohlcv:116 - High price is less than Low price in 1 rows
2026-08-05 13:00:13.540 | ERROR    | app.services.zerodha_auth:exchange_token:70 - Token exchange failed with HTTP status 400
